
#[0K
# On branch master[0K
# Your branch is ahead of 'origin/master' by 3 commits.[0K
#   (use "git push" to publish your local commits)[0K
#[0K
# Changes to be committed:[0K
#       renamed:    simple model up and running.Rmd -> simple_model_up_and_running.Rmd[0K
#[0K
# Changes not staged for commit:[0K
#       modified:   .Rproj.user/E86ACB2F/console06/FB2DDFB3[0K
#[0K
[0K
[0K
[0K
[0K
[0K
[0K
[0K
[0K
[0K
[0K
[0K
[0K
[0K
[0K
[0K
[0K
[0K
[0K
[0K
[0K
[0K
[0K
[0K
[0K
[0K
[0K
[0K
                                                      [0;30;47m[ Read 14 lines ][0m[0K
[0;30;47m^G[0m Get Help    [0;30;47m^O[0m Write Out   [0;30;47m^W[0m Where Is    [0;30;47m^K[0m Cut Text    [0;30;47m^J[0m Justify     [0;30;47m^C[0m Cur Pos     [0;30;47mM-U[0m Undo       [0;30;47mM-A[0m Mark Text[0K
[0;30;47m^X[0m Exit        [0;30;47m^R[0m Read File   [0;30;47m^\[0m Replace     [0;30;47m^U[0m Uncut Text  [0;30;47m^T[0m To Spell    [0;30;47m^_[0m Go To Line  [0;30;47mM-E[0m Redo       [0;30;47mM-6[0m Copy Text[0K[43A[6G[?25h[?25lrename[0K
# Please enter the commit message for your changes. Lines starting[0K
# with '#' will be ignored, and an empty message aborts the commit.[0K
#[0K
# On branch master[0K
# Your branch is ahead of 'origin/master' by 3 commits.[0K
#   (use "git push" to publish your local commits)[0K
#[0K
# Changes to be committed:[0K
#       renamed:    simple model up and running.Rmd -> simple_model_up_and_running.Rmd[0K
#[0K
# Changes not staged for commit:[0K
#       modified:   .Rproj.user/E86ACB2F/console06/FB2DDFB3[0K
#[0K
[0K
[0K
[0K
[0K
[0K
[0K
[0K
[0K
[0K
[0K
[0K
[0K
[0K
[0K
[0K
[0K
[0K
[0K
[0K
[0K
[0K
[0K
[0K
[0K
[0K
[0K
[0K
                                                      [0;30;47m[ Read 14 lines ][0m[0K
[0;30;47m^G[0m Get Help    [0;30;47m^O[0m Write Out   [0;30;47m^W[0m Where Is    [0;30;47m^K[0m Cut Text    [0;30;47m^J[0m Justify     [0;30;47m^C[0m Cur Pos     [0;30;47mM-U[0m Undo       [0;30;47mM-A[0m Mark Text[0K
[0;30;47m^X[0m Exit        [0;30;47m^R[0m Read File   [0;30;47m^\[0m Replace     [0;30;47m^U[0m Uncut Text  [0;30;47m^T[0m To Spell    [0;30;47m^_[0m Go To Line  [0;30;47mM-E[0m Redo       [0;30;47mM-6[0m Copy Text[0K[43A[7G[?25h[?25lrenamed[0K
# Please enter the commit message for your changes. Lines starting[0K
# with '#' will be ignored, and an empty message aborts the commit.[0K
#[0K
# On branch master[0K
# Your branch is ahead of 'origin/master' by 3 commits.[0K
#   (use "git push" to publish your local commits)[0K
#[0K
# Changes to be committed:[0K
#       renamed:    simple model up and running.Rmd -> simple_model_up_and_running.Rmd[0K
#[0K
# Changes not staged for commit:[0K
#       modified:   .Rproj.user/E86ACB2F/console06/FB2DDFB3[0K
#[0K
[0K
[0K
[0K
[0K
[0K
[0K
[0K
[0K
[0K
[0K
[0K
[0K
[0K
[0K
[0K
[0K
[0K
[0K
[0K
[0K
[0K
[0K
[0K
[0K
[0K
[0K
[0K
                                                      [0;30;47m[ Read 14 lines ][0m[0K
[0;30;47m^G[0m Get Help    [0;30;47m^O[0m Write Out   [0;30;47m^W[0m Where Is    [0;30;47m^K[0m Cut Text    [0;30;47m^J[0m Justify     [0;30;47m^C[0m Cur Pos     [0;30;47mM-U[0m Undo       [0;30;47mM-A[0m Mark Text[0K
[0;30;47m^X[0m Exit        [0;30;47m^R[0m Read File   [0;30;47m^\[0m Replace     [0;30;47m^U[0m Uncut Text  [0;30;47m^T[0m To Spell    [0;30;47m^_[0m Go To Line  [0;30;47mM-E[0m Redo       [0;30;47mM-6[0m Copy Text[0K[43A[8G[?25h[9G[?25lrenamed f[0K
# Please enter the commit message for your changes. Lines starting[0K
# with '#' will be ignored, and an empty message aborts the commit.[0K
#[0K
# On branch master[0K
# Your branch is ahead of 'origin/master' by 3 commits.[0K
#   (use "git push" to publish your local commits)[0K
#[0K
# Changes to be committed:[0K
#       renamed:    simple model up and running.Rmd -> simple_model_up_and_running.Rmd[0K
#[0K
# Changes not staged for commit:[0K
#       modified:   .Rproj.user/E86ACB2F/console06/FB2DDFB3[0K
#[0K
[0K
[0K
[0K
[0K
[0K
[0K
[0K
[0K
[0K
[0K
[0K
[0K
[0K
[0K
[0K
[0K
[0K
[0K
[0K
[0K
[0K
[0K
[0K
[0K
[0K
[0K
[0K
                                                      [0;30;47m[ Read 14 lines ][0m[0K
[0;30;47m^G[0m Get Help    [0;30;47m^O[0m Write Out   [0;30;47m^W[0m Where Is    [0;30;47m^K[0m Cut Text    [0;30;47m^J[0m Justify     [0;30;47m^C[0m Cur Pos     [0;30;47mM-U[0m Undo       [0;30;47mM-A[0m Mark Text[0K
[0;30;47m^X[0m Exit        [0;30;47m^R[0m Read File   [0;30;47m^\[0m Replace     [0;30;47m^U[0m Uncut Text  [0;30;47m^T[0m To Spell    [0;30;47m^_[0m Go To Line  [0;30;47mM-E[0m Redo       [0;30;47mM-6[0m Copy Text[0K[43A[10G[?25h[?25lrenamed fi[0K
# Please enter the commit message for your changes. Lines starting[0K
# with '#' will be ignored, and an empty message aborts the commit.[0K
#[0K
# On branch master[0K
# Your branch is ahead of 'origin/master' by 3 commits.[0K
#   (use "git push" to publish your local commits)[0K
#[0K
# Changes to be committed:[0K
#       renamed:    simple model up and running.Rmd -> simple_model_up_and_running.Rmd[0K
#[0K
# Changes not staged for commit:[0K
#       modified:   .Rproj.user/E86ACB2F/console06/FB2DDFB3[0K
#[0K
[0K
[0K
[0K
[0K
[0K
[0K
[0K
[0K
[0K
[0K
[0K
[0K
[0K
[0K
[0K
[0K
[0K
[0K
[0K
[0K
[0K
[0K
[0K
[0K
[0K
[0K
[0K
                                                      [0;30;47m[ Read 14 lines ][0m[0K
[0;30;47m^G[0m Get Help    [0;30;47m^O[0m Write Out   [0;30;47m^W[0m Where Is    [0;30;47m^K[0m Cut Text    [0;30;47m^J[0m Justify     [0;30;47m^C[0m Cur Pos     [0;30;47mM-U[0m Undo       [0;30;47mM-A[0m Mark Text[0K
[0;30;47m^X[0m Exit        [0;30;47m^R[0m Read File   [0;30;47m^\[0m Replace     [0;30;47m^U[0m Uncut Text  [0;30;47m^T[0m To Spell    [0;30;47m^_[0m Go To Line  [0;30;47mM-E[0m Redo       [0;30;47mM-6[0m Copy Text[0K[43A[11G[?25h[?25lrenamed fil[0K
# Please enter the commit message for your changes. Lines starting[0K
# with '#' will be ignored, and an empty message aborts the commit.[0K
#[0K
# On branch master[0K
# Your branch is ahead of 'origin/master' by 3 commits.[0K
#   (use "git push" to publish your local commits)[0K
#[0K
# Changes to be committed:[0K
#       renamed:    simple model up and running.Rmd -> simple_model_up_and_running.Rmd[0K
#[0K
# Changes not staged for commit:[0K
#       modified:   .Rproj.user/E86ACB2F/console06/FB2DDFB3[0K
#[0K
[0K
[0K
[0K
[0K
[0K
[0K
[0K
[0K
[0K
[0K
[0K
[0K
[0K
[0K
[0K
[0K
[0K
[0K
[0K
[0K
[0K
[0K
[0K
[0K
[0K
[0K
[0K
                                                      [0;30;47m[ Read 14 lines ][0m[0K
[0;30;47m^G[0m Get Help    [0;30;47m^O[0m Write Out   [0;30;47m^W[0m Where Is    [0;30;47m^K[0m Cut Text    [0;30;47m^J[0m Justify     [0;30;47m^C[0m Cur Pos     [0;30;47mM-U[0m Undo       [0;30;47mM-A[0m Mark Text[0K
[0;30;47m^X[0m Exit        [0;30;47m^R[0m Read File   [0;30;47m^\[0m Replace     [0;30;47m^U[0m Uncut Text  [0;30;47m^T[0m To Spell    [0;30;47m^_[0m Go To Line  [0;30;47mM-E[0m Redo       [0;30;47mM-6[0m Copy Text[0K[43A[12G[?25h[?25lrenamed file[0K
# Please enter the commit message for your changes. Lines starting[0K
# with '#' will be ignored, and an empty message aborts the commit.[0K
#[0K
# On branch master[0K
# Your branch is ahead of 'origin/master' by 3 commits.[0K
#   (use "git push" to publish your local commits)[0K
#[0K
# Changes to be committed:[0K
#       renamed:    simple model up and running.Rmd -> simple_model_up_and_running.Rmd[0K
#[0K
# Changes not staged for commit:[0K
#       modified:   .Rproj.user/E86ACB2F/console06/FB2DDFB3[0K
#[0K
[0K
[0K
[0K
[0K
[0K
[0K
[0K
[0K
[0K
[0K
[0K
[0K
[0K
[0K
[0K
[0K
[0K
[0K
[0K
[0K
[0K
[0K
[0K
[0K
[0K
[0K
[0K
                                                      [0;30;47m[ Read 14 lines ][0m[0K
[0;30;47m^G[0m Get Help    [0;30;47m^O[0m Write Out   [0;30;47m^W[0m Where Is    [0;30;47m^K[0m Cut Text    [0;30;47m^J[0m Justify     [0;30;47m^C[0m Cur Pos     [0;30;47mM-U[0m Undo       [0;30;47mM-A[0m Mark Text[0K
[0;30;47m^X[0m Exit        [0;30;47m^R[0m Read File   [0;30;47m^\[0m Replace     [0;30;47m^U[0m Uncut Text  [0;30;47m^T[0m To Spell    [0;30;47m^_[0m Go To Line  [0;30;47mM-E[0m Redo       [0;30;47mM-6[0m Copy Text[0K[43A[13G[?25h[?25l








































[0;30;47mSave modified buffer?  (Answering "No" will DISCARD changes.)[0K
 Y[0m Yes[0K
[0;30;47m N[0m No           [0;30;47m^C[0m Cancel[0K[2A[63G[?25h[?25l
[0;30;47m^G[0m Get Help                    [0;30;47mM-D[0m DOS Format                 [0;30;47mM-A[0m Append                     [0;30;47mM-B[0m Backup File[0K
[0;30;47m^C[0m Cancel                      [0;30;47mM-M[0m Mac Format                 [0;30;47mM-P[0m Prepend                    [0;30;47m^T[0m To Files[0K[2A[?25h[0;30;47mFile Name to Write: C:/Users/ad3716/Documents/PhD/MERS Simple Stochastic Model/.git/COMMIT_EDITMSG[0K[?25l
^G[0m Get Help                    [0;30;47mM-D[0m DOS Format                 [0;30;47mM-A[0m Append                     [0;30;47mM-B[0m Backup File[0K
[0;30;47m^C[0m Cancel                      [0;30;47mM-M[0m Mac Format                 [0;30;47mM-P[0m Prepend                    [0;30;47m^T[0m To Files[0K[2A[99G[?25h[?25l[43A[0K
[0K
[0K
[0K
[0K
[0K
[0K
[0K
[0K
[0K
[0K
[0K
[0K
[0K
[0K
[0K
[0K
[0K
        [0;32mmodified:   .Rproj.user/E86ACB2F/pcs/source-pane.pper[0m[0K
        [0;32mmodified:   .Rproj.user/E86ACB2F/pcs/workbench-pane.pper[0m[0K
        [0;32mmodified:   .Rproj.user/E86ACB2F/rmd-outputs[0m[0K
        [0;32mmodified:   .Rproj.user/E86ACB2F/sources/prop/INDEX[0m[0K
        [0;32mmodified:   .Rproj.user/shared/notebooks/paths[0m[0K
        [0;32mmodified:   .gitignore[0m[0K
        [0;32mmodified:   sir_simulator.R[0m[0K
[0K
Changes not staged for commit:[0K
  (use "git add <file>..." to update what will be committed)[0K
  (use "git checkout -- <file>..." to discard changes in working directory)[0K
[0K
        [0;31mmodified:   .Rproj.user/E86ACB2F/console06/FB2DDFB3[0m[0K
        [0;31mmodified:   .Rproj.user/E86ACB2F/console06/INDEX001[0m[0K
        [0;31mmodified:   .Rproj.user/E86ACB2F/rmd-outputs[0m[0K
[0K
Untracked files:[0K
  (use "git add <file>..." to include in what will be committed)[0K
[0K
        [0;31m.RData[0m[0K
        [0;31msimple model up and running.Rmd[0m[0K
        [0;31msimple_model_up_and_running.html[0m[0K
[0K
[0K
[0;32mad3716@WPIA-DIDE223 [0;35m [0;33m~/Documents/PhD/MERS Simple Stochastic Model[0;36m (master)[0m[0K
$ cat .gitignore[0K
.Rproj.user/*[0K
*~[0K
[0K
.Rproj.user[0K
[0K
[0;32mad3716@WPIA-DIDE223 [0;35m [0;33m~/Documents/PhD/MERS Simple Stochastic Model[0;36m (master)[0m[0K
$ git commit -m "fixed gorwing population"[0K
[master 8ca6a5a] fixed gorwing population[0K
 10 files changed, 627 insertions(+), 536 deletions(-)[0K
 rewrite .Rhistory (76%)[0K
 rewrite .Rproj.user/E86ACB2F/console06/INDEX001 (83%)[0K
[0K
[0;32mad3716@WPIA-DIDE223 [0;35m [0;33m~/Documents/PhD/MERS Simple Stochastic Model[0;36m (master)[0m[0K
$ git status[0K
On branch master[0K
Your branch is ahead of 'origin/master' by 1 commit.[0K
  (use "git push" to publish your local commits)[0K
[0K
Changes not staged for commit:[0K
  (use "git add <file>..." to update what will be committed)[0K
  (use "git checkout -- <file>..." to discard changes in working directory)[0K
[0K
        [0;31mmodified:   .Rproj.user/E86ACB2F/console06/FB2DDFB3[0m[0K
        [0;31mmodified:   .Rproj.user/E86ACB2F/console06/INDEX001[0m[0K
        [0;31mmodified:   .Rproj.user/E86ACB2F/rmd-outputs[0m[0K
[0K
Untracked files:[0K
  (use "git add <file>..." to include in what will be committed)[0K
[0K
        [0;31m.RData[0m[0K
        [0;31msimple model up and running.Rmd[0m[0K
        [0;31msimple_model_up_and_running.html[0m[0K
[0K
no changes added to commit (use "git add" and/or "git commit -a")[0K
[0K
[0;32mad3716@WPIA-DIDE223 [0;35m [0;33m~/Documents/PhD/MERS Simple Stochastic Model[0;36m (master)[0m[0K
$ git commit -a -m "additional files"[0K
warning: LF will be replaced by CRLF in .Rproj.user/E86ACB2F/rmd-outputs.[0K
The file will have its original line endings in your working directory.[0K
[master 2c79b14] additional files[0K
 3 files changed, 101 insertions(+), 2 deletions(-)[0K
 rewrite .Rproj.user/E86ACB2F/console06/INDEX001 (84%)[0K
[0K
[0;32mad3716@WPIA-DIDE223 [0;35m [0;33m~/Documents/PhD/MERS Simple Stochastic Model[0;36m (master)[0m[0K
$ git status[0K
On branch master[0K
Your branch is ahead of 'origin/master' by 2 commits.[0K
  (use "git push" to publish your local commits)[0K
[0K
Changes not staged for commit:[0K
  (use "git add <file>..." to update what will be committed)[0K
  (use "git checkout -- <file>..." to discard changes in working directory)[0K
[0K
        [0;31mmodified:   .Rproj.user/E86ACB2F/console06/FB2DDFB3[0m[0K
[0K
Untracked files:[0K
  (use "git add <file>..." to include in what will be committed)[0K
[0K
        [0;31m.RData[0m[0K
        [0;31msimple model up and running.Rmd[0m[0K
        [0;31msimple_model_up_and_running.html[0m[0K
[0K
no changes added to commit (use "git add" and/or "git commit -a")[0K
[0K
[0;32mad3716@WPIA-DIDE223 [0;35m [0;33m~/Documents/PhD/MERS Simple Stochastic Model[0;36m (master)[0m[0K
$ nano .gitignore[0K
[0K
[0;32mad3716@WPIA-DIDE223 [0;35m [0;33m~/Documents/PhD/MERS Simple Stochastic Model[0;36m (master)[0m[0K
$ git st[0K
git: 'st' is not a git command. See 'git --help'.[0K
[0K
The most similar commands are[0K
        status[0K
        reset[0K
        stage[0K
        stash[0K
        svn[0K
[0K
[0;32mad3716@WPIA-DIDE223 [0;35m [0;33m~/Documents/PhD/MERS Simple Stochastic Model[0;36m (master)[0m[0K
$ git status[0K
On branch master[0K
Your branch is ahead of 'origin/master' by 2 commits.[0K
  (use "git push" to publish your local commits)[0K
[0K
Changes not staged for commit:[0K
  (use "git add <file>..." to update what will be committed)[0K
  (use "git checkout -- <file>..." to discard changes in working directory)[0K
[0K
        [0;31mmodified:   .Rproj.user/E86ACB2F/console06/FB2DDFB3[0m[0K
        [0;31mmodified:   .gitignore[0m[0K
[0K
Untracked files:[0K
  (use "git add <file>..." to include in what will be committed)[0K
[0K
        [0;31msimple model up and running.Rmd[0m[0K
        [0;31msimple_model_up_and_running.html[0m[0K
[0K
no changes added to commit (use "git add" and/or "git commit -a")[0K
[0K
[0;32mad3716@WPIA-DIDE223 [0;35m [0;33m~/Documents/PhD/MERS Simple Stochastic Model[0;36m (master)[0m[0K
$ git add simple*[0K
[0K
[0;32mad3716@WPIA-DIDE223 [0;35m [0;33m~/Documents/PhD/MERS Simple Stochastic Model[0;36m (master)[0m[0K
$ git status[0K
On branch master[0K
Your branch is ahead of 'origin/master' by 2 commits.[0K
  (use "git push" to publish your local commits)[0K
[0K
Changes to be committed:[0K
  (use "git reset HEAD <file>..." to unstage)[0K
[0K
        [0;32mnew file:   simple model up and running.Rmd[0m[0K
        [0;32mnew file:   simple_model_up_and_running.html[0m[0K
[0K
Changes not staged for commit:[0K
  (use "git add <file>..." to update what will be committed)[0K
  (use "git checkout -- <file>..." to discard changes in working directory)[0K
[0K
        [0;31mmodified:   .Rproj.user/E86ACB2F/console06/FB2DDFB3[0m[0K
        [0;31mmodified:   .gitignore[0m[0K
[0K
[0K
[0;32mad3716@WPIA-DIDE223 [0;35m [0;33m~/Documents/PhD/MERS Simple Stochastic Model[0;36m (master)[0m[0K
$ git add .gitignore[0K
[0K
[0;32mad3716@WPIA-DIDE223 [0;35m [0;33m~/Documents/PhD/MERS Simple Stochastic Model[0;36m (master)[0m[0K
$ git st[0K
git: 'st' is not a git command. See 'git --help'.[0K
[0K
The most similar commands are[0K
        status[0K
        reset[0K
        stage[0K
        stash[0K
        svn[0K
[0K
[0;32mad3716@WPIA-DIDE223 [0;35m [0;33m~/Documents/PhD/MERS Simple Stochastic Model[0;36m (master)[0m[0K
$ git status[0K
On branch master[0K
Your branch is ahead of 'origin/master' by 2 commits.[0K
  (use "git push" to publish your local commits)[0K
[0K
Changes to be committed:[0K
  (use "git reset HEAD <file>..." to unstage)[0K
[0K
        [0;32mmodified:   .gitignore[0m[0K
        [0;32mnew file:   simple model up and running.Rmd[0m[0K
        [0;32mnew file:   simple_model_up_and_running.html[0m[0K
[0K
Changes not staged for commit:[0K
  (use "git add <file>..." to update what will be committed)[0K
  (use "git checkout -- <file>..." to discard changes in working directory)[0K
[0K
        [0;31mmodified:   .Rproj.user/E86ACB2F/console06/FB2DDFB3[0m[0K
[0K
[0K
[0;32mad3716@WPIA-DIDE223 [0;35m [0;33m~/Documents/PhD/MERS Simple Stochastic Model[0;36m (master)[0m[0K
$ git commit -m "added rmd file"[0K
[master 6aa20c0] added rmd file[0K
 3 files changed, 460 insertions(+), 1 deletion(-)[0K
 create mode 100644 simple model up and running.Rmd[0K
 create mode 100644 simple_model_up_and_running.html[0K
[0K
[0;32mad3716@WPIA-DIDE223 [0;35m [0;33m~/Documents/PhD/MERS Simple Stochastic Model[0;36m (master)[0m[0K
$ git mv simpl[0K
simple model up and running.Rmd   simple_model_up_and_running.html[0K
[0K
[0;32mad3716@WPIA-DIDE223 [0;35m [0;33m~/Documents/PhD/MERS Simple Stochastic Model[0;36m (master)[0m[0K
$ git mv simple[0K
simple model up and running.Rmd   simple_model_up_and_running.html[0K
[0K
[0;32mad3716@WPIA-DIDE223 [0;35m [0;33m~/Documents/PhD/MERS Simple Stochastic Model[0;36m (master)[0m[0K
$ git mv "simple model up and running.Rmd" simple_model_up_and_running.Rmd[0K
[0K
[0;32mad3716@WPIA-DIDE223 [0;35m [0;33m~/Documents/PhD/MERS Simple Stochastic Model[0;36m (master)[0m[0K
$ git status[0K
On branch master[0K
Your branch is ahead of 'origin/master' by 3 commits.[0K
  (use "git push" to publish your local commits)[0K
[0K
Changes to be committed:[0K
  (use "git reset HEAD <file>..." to unstage)[0K
[0K
        [0;32mrenamed:    simple model up and running.Rmd -> simple_model_up_and_running.Rmd[0m[0K
[0K
Changes not staged for commit:[0K
  (use "git add <file>..." to update what will be committed)[0K
  (use "git checkout -- <file>..." to discard changes in working directory)[0K
[0K
        [0;31mmodified:   .Rproj.user/E86ACB2F/console06/FB2DDFB3[0m[0K
[0K
[0K
[0;32mad3716@WPIA-DIDE223 [0;35m [0;33m~/Documents/PhD/MERS Simple Stochastic Model[0;36m (master)[0m[0K
$ git commit[0K
[0K[?25h[master ecee7a9] renamed file[0K[?25l
 1 file changed, 0 insertions(+), 0 deletions(-)[0K
 rename simple model up and running.Rmd => simple_model_up_and_running.Rmd (100%)[0K
[0K[?25h[?25l
[0;32mad3716@WPIA-DIDE223 [0;35m [0;33m~/Documents/PhD/MERS Simple Stochastic Model[0;36m (master)[0m[0K
$[0K[3G[?25h[?25l$ g[0K[3G[?25h[4G[?25l$ gi[0K[?25ht[0K[7G[?25l$ git s[0K[?25ht[0Ka[0K[?25lt[0K[10G[?25h[11G[?25l$ git statu[0K[?25hs[0K[?25l
[0K[?25hOn branch master[0K[?25l
Your branch is ahead of 'origin/master' by 4 commits.[0K
  (use "git push" to publish your local commits)[0K
[0K
Changes not staged for commit:[0K
  (use "git add <file>..." to update what will be committed)[0K
  (use "git checkout -- <file>..." to discard changes in working directory)[0K
[0K
        [0;31mmodified:   .Rproj.user/E86ACB2F/console06/FB2DDFB3[0m[0K
[0K
no changes added to commit (use "git add" and/or "git commit -a")[0K
[0K[?25h[?25l
[0;32mad3716@WPIA-DIDE223 [0;35m [0;33m~/Documents/PhD/MERS Simple Stochastic Model[0;36m (master)[0m[0K
$[0K[3G[?25h[?25l$ g[0K[?25hi[0Kt[0K[7G[?25l$ git r[0K[?25he[0Km[0Ko[0Kt[0Ke[0K[14G[?25l$ git remote o[0K[?25hr[0Ki[0Kg[0Kn[0K[?25l$ git remote orig[0K[?25hi[0Kn[0K[21G[?25l$ git remote origin s[0K[?25hh[0K[?25l$ git remote origin s[0K[?25h[?25l$ git remote origin[0K[21G[?25h[20G[19G[18G[17G[16G[15G[14G[?25l$ git remote sorigin[0K[15G[?25h[?25l$ git remote shorigin[0K[16G[?25h[?25l$ git remote shoorigin[0K[17G[?25h[?25l$ git remote showorigin[0K[18G[?25h[?25l$ git remote show origin[0K[19G[?25h[?25l
[0K[?25h* remote origin[0K[?25l
  Fetch URL: https://AmyDighe@github.com/AmyDighe/MERS_camel_mod.git[0K
  Push  URL: https://AmyDighe@github.com/AmyDighe/MERS_camel_mod.git[0K
  HEAD branch: master[0K
  Remote branch:[0K
    master tracked[0K
  Local branch configured for 'git pull':[0K
    master merges with remote master[0K
  Local ref configured for 'git push':[0K
    master pushes to master (fast-forwardable)[0K
[0K[?25h[?25l
[0;32mad3716@WPIA-DIDE223 [0;35m [0;33m~/Documents/PhD/MERS Simple Stochastic Model[0;36m (master)[0m[0K
$[0K[3G[?25h[?25l$ g[0K[?25hi[0Kt[0K[7G[?25l$ git p[0K[?25h[?25lu[0K[8G[?25h[9G[?25l$ git pus[0K[?25hh[0K[?25l
[0K[?25hCounting objects: 35, done.[0K[?25l
[0K[?25hDelta compression using up to 8 threads.[0K[?25l
Compressing objects: 100% (30/30), done.[0K
Writing objects:  65% (23/35)[0K[1G[?25hWriting objects: 100% (35/35), 256.27 KiB | 6.93 MiB/s, done.[0K[?25l
Total 35 (delta 16), reused 0 (delta 0)[0K
[0K[?25h[?25lremote: Resolving deltas:  93% (15/16)[0K[1G[?25hremote: Resolving deltas: 100% (16/16), completed with 9 local objects.[0K[?25l
[0K[?25hTo https://github.com/AmyDighe/MERS_camel_mod.git[0K[?25l
   9215c16..ecee7a9  master -> master[0K
[0K[?25h[?25l
[0;32mad3716@WPIA-DIDE223 [0;35m [0;33m~/Documents/PhD/MERS Simple Stochastic Model[0;36m (master)[0m[0K
$ g[0K[?25hi[0Kt[0Kk[0K[?25l
[0K[?25h[?25l
[0;32mad3716@WPIA-DIDE223 [0;35m [0;33m~/Documents/PhD/MERS Simple Stochastic Model[0;36m (master)[0m[0K
$[0K[3G[?25h[0m[0K]0;[?25l
[0;32mad3716@WPIA-DIDE223 [0;35m [0;33m~/Documents/PhD/MERS Simple Stochastic Model[0;36m (master)[0m[0K
[?25l$ g[0K[?25hi[0Kt[0K[7G[?25l$ git a[0K[?25hd[0Kd[0K[11G[?25l$ git add a[0K[?25hg[0Ke[0Ki[0Kn[0Kg[0K_[0K[?25lc[0K[18G[?25h[19G[?25l$ git add ageing_co[0K[?25hm[0K[?25lp[0K[21G[?25h[22G[?25l$ git add ageing_compl[0K[?25he[0Kt[0Ke[0K_[0Kd[0Ke[0Kt[0K.[0KR[0K[?25l
[0K[?25h[?25l
[0;32mad3716@WPIA-DIDE223 [0;35m [0;33m~/Documents/PhD/MERS Simple Stochastic Model[0;36m (master)[0m[0K
$[0K[3G[?25h[?25l$ g[0K[?25hi[0Kt[0K[7G[?25l$ git s[0K[?25ht[0Ka[0Kt[0Ku[0Ks[0K[?25l
[0K[?25hOn branch master[0K[?25l
Your branch is up to date with 'origin/master'.[0K
[0K
Changes to be committed:[0K
  (use "git reset HEAD <file>..." to unstage)[0K
[0K
        [0;32mnew file:   ageing_complete_det.R[0m[0K
[0K
Changes not staged for commit:[0K
  (use "git add <file>..." to update what will be committed)[0K
  (use "git checkout -- <file>..." to discard changes in working directory)[0K
[0K
        [0;31mmodified:   .Rhistory[0m[0K
        [0;31mmodified:   .Rproj.user/E86ACB2F/console06/FB2DDFB3[0m[0K
        [0;31mmodified:   .Rproj.user/E86ACB2F/console06/INDEX001[0m[0K
        [0;31mmodified:   .Rproj.user/E86ACB2F/pcs/windowlayoutstate.pper[0m[0K
        [0;31mmodified:   .Rproj.user/E86ACB2F/pcs/workbench-pane.pper[0m[0K
        [0;31mmodified:   .Rproj.user/E86ACB2F/sources/prop/INDEX[0m[0K
        [0;31mmodified:   .Rproj.user/shared/notebooks/paths[0m[0K
[0K
Untracked files:[0K
  (use "git add <file>..." to include in what will be committed)[0K
[0K
        [0;31mFUNCTIONS_SIR.R[0m[0K
        [0;31mageing.R[0m[0K
        [0;31mdiscrete_det_mod.Rmd[0m[0K
        [0;31mdiscrete_det_mod.html[0m[0K
        [0;31minstalling_odin_cheat_sheet.Rmd[0m[0K
        [0;31modin_SIR_mod.R[0m[0K
        [0;31modin_SIR_mod_ageing.R[0m[0K
        [0;31mrun_ageing_comp_det.R[0m[0K
        [0;31mrun_odin_SIR_mod.R[0m[0K
        [0;31mrun_odin_SIR_mod_ageing.R[0m[0K
        [0;31msimple model up and running.Rmd[0m[0K
[0K
[0K[?25h[?25l
[0;32mad3716@WPIA-DIDE223 [0;35m [0;33m~/Documents/PhD/MERS Simple Stochastic Model[0;36m (master)[0m[0K
$[0K[3G[?25h[?25l$ g[0K[?25hi[0Kt[0K[7G[?25l$ git a[0K[?25hd[0Kd[0K[11G[?25l$ git add r[0K[?25hu[0Kn[0K_[0Ka[0Kg[0Ke[0Ki[0K[?25ln[0K[19G[?25h[20G[?25l$ git add run_ageing[0K[?25h_[0Kc[0Ko[0Km[0Kp[0K[?25ll[0K[26G[?25h[27G[?25l$ git add run_ageing_comple[0K[?25h[?25l$ git add run_ageing_compl[0K[?25h[?25l$ git add run_ageing_comp[0K[?25h[?25l$ git add run_ageing_com[0K[?25hp[0K_[0Kd[0Ke[0K[?25lt[0K[29G[?25h[30G[?25l$ git add run_ageing_comp_det.[0K[?25hR[0K[?25l
[0K[?25h[?25l
[0;32mad3716@WPIA-DIDE223 [0;35m [0;33m~/Documents/PhD/MERS Simple Stochastic Model[0;36m (master)[0m[0K
$[0K[3G[?25h[?25l$ c[0K[?25ho[0Km[0K[?25l$ co[0K[?25h[?25l$ c[0K[?25h[?25l$[0K[3G[?25h[?25l$ g[0K[?25hi[0Kt[0K[7G[?25l$ git c[0K[?25ho[0Km[0Km[0Ki[0Kt[0K[14G[?25l$ git commit -[0K[?25hm[0K[17G[?25l$ git commit -m "[0K[?25hA[0Kd[0Kd[0Ke[0Kd[0K[24G[23G[?25l$ git commit -m "Adde[0K[?25h[?25l$ git commit -m "Add[0K[?25h[?25l$ git commit -m "Ad[0K[?25h[?25l$ git commit -m "A[0K[?25h[?25l$ git commit -m "[0K[?25hD[0Ke[0Kv[0Ke[0Kl[0Ko[0Kp[0Ke[0Kd[0K[28G[?25l$ git commit -m "Developed d[0K[?25he[0Kt[0Ke[0Kr[0Km[0Ki[0Kn[0Ki[0Ks[0Kt[0Ki[0Kc[0K[42G[?25l$ git commit -m "Developed deterministic m[0K[?25hod[0Ke[0Kl[0K[48G[?25l$ git commit -m "Developed deterministic model i[0K[?25hn[0K[51G[?25l$ git commit -m "Developed deterministic model in o[0K[?25hd[0Ki[0K[?25ln[0K[54G[?25h[55G[56G[?25l$ git commit -m "Developed deterministic model in odin w[0K[?25hi[0Kt[0Kh[0K[61G[?25l$ git commit -m "Developed deterministic model in odin with a[0K[?25hg[0Ke[0Ki[0Kn[0Kg[0K"[0K[?25l
[0K[?25h[master 93a9392] Developed deterministic model in odin with ageing[0K[?25l
 2 files changed, 121 insertions(+)[0K
 create mode 100644 ageing_complete_det.R[0K
 create mode 100644 run_ageing_comp_det.R[0K
[0K[?25h[?25l
[0;32mad3716@WPIA-DIDE223 [0;35m [0;33m~/Documents/PhD/MERS Simple Stochastic Model[0;36m (master)[0m[0K
$[0K[3G[?25h[0m[0K]0;[?25l
[0;32mad3716@WPIA-DIDE223 [0;35m [0;33m~/Documents/PhD/MERS Simple Stochastic Model[0;36m (master)[0m[0K
s[0Kh[0K[?25l
[0K[?25hfatal: HttpRequestException encountered.[0K[?25l
   An error occurred while sending the request.[0K
[0K[?25herror: cannot spawn rpostback-askpass: No such file or directory[0K[?25l
[0K[?25hPassword for 'https://AmyDighe@github.com':[0K[45G[?25l
[0K[?25hremote: Invalid username or password.[0K[?25l
fatal: Authentication failed for 'https://AmyDighe@github.com/AmyDighe/MERS_camel_mod.git/'[0K
[0K[?25h[?25l
[0;32mad3716@WPIA-DIDE223 [0;35m [0;33m~/Documents/PhD/MERS Simple Stochastic Model[0;36m (master)[0m[0K
$[0K[3G[?25h[?25l
[0K[?25h[?25l
[0;32mad3716@WPIA-DIDE223 [0;35m [0;33m~/Documents/PhD/MERS Simple Stochastic Model[0;36m (master)[0m[0K
$[0K[3G[?25h[0m[0K]0;[?25l
[0;32mad3716@WPIA-DIDE223 [0;35m [0;33m~/Documents/PhD/MERS Simple Stochastic Model[0;36m (master)[0m[0K
[?25l$ g[0K[?25hi[0Kt[0K[7G[?25l$ git a[0K[?25hd[0Kd[0K[11G[?25l$ git add o[0K[?25hu[0Kt[0Kf[0Kl[0Ko[0Kw[0Ks[0K.[0KR[0K[?25l
[0K[?25h[?25l
[0;32mad3716@WPIA-DIDE223 [0;35m [0;33m~/Documents/PhD/MERS Simple Stochastic Model[0;36m (master)[0m[0K
$[0K[3G[?25h[?25l$ g[0K[?25h[?25li[0K[4G[?25h[5G[?25l$ git[0K[?25h[7G[?25l$ git a[0K[?25hd[0Kd[0K[11G[?25l$ git add r[0K[?25h[?25lu[0K[12G[?25h[13G[?25l$ git add run[0K[?25h_[0Ko[0Ku[0Kt[0Kf[0Kl[0Ko[0Kw[0Ks[0K_[0Ka[0Kg[0Ke[0Ki[0Kn[0Kg[0K_[0Kd[0Ke[0Kt[0K.[0KR[0K[?25l
[0K[?25h[?25l
[0;32mad3716@WPIA-DIDE223 [0;35m [0;33m~/Documents/PhD/MERS Simple Stochastic Model[0;36m (master)[0m[0K
$[0K[3G[?25h[?25l$ g[0K[?25hi[0Kt[0K[7G[?25l$ git s[0K[7G[?25h[8G[?25l$ git st[0K[?25ha[0Kt[0Ku[0Ks[0K[?25l
[0K[?25hOn branch master[0K[?25l
Your branch is up to date with 'origin/master'.[0K
[0K
Changes to be committed:[0K
  (use "git reset HEAD <file>..." to unstage)[0K
[0K
        [0;32mnew file:   outflows.R[0m[0K
        [0;32mnew file:   run_outflows_ageing_det.R[0m[0K
[0K
Changes not staged for commit:[0K
  (use "git add/rm <file>..." to update what will be committed)[0K
  (use "git checkout -- <file>..." to discard changes in working directory)[0K
[0K
        [0;31mmodified:   .Rhistory[0m[0K
        [0;31mmodified:   .Rproj.user/E86ACB2F/console06/FB2DDFB3[0m[0K
        [0;31mmodified:   .Rproj.user/E86ACB2F/console06/INDEX001[0m[0K
        [0;31mmodified:   .Rproj.user/E86ACB2F/pcs/source-pane.pper[0m[0K
        [0;31mmodified:   .Rproj.user/E86ACB2F/pcs/windowlayoutstate.pper[0m[0K
        [0;31mmodified:   .Rproj.user/E86ACB2F/pcs/workbench-pane.pper[0m[0K
        [0;31mmodified:   .Rproj.user/E86ACB2F/rmd-outputs[0m[0K
        [0;31mmodified:   .Rproj.user/E86ACB2F/sources/prop/INDEX[0m[0K
        [0;31mmodified:   .Rproj.user/shared/notebooks/paths[0m[0K
        [0;31mdeleted:    MERS Simple Stochastic Model.Rproj[0m[0K
        [0;31mmodified:   ageing_complete_det.R[0m[0K
        [0;31mmodified:   run_ageing_comp_det.R[0m[0K
[0K
Untracked files:[0K
  (use "git add <file>..." to include in what will be committed)[0K
[0K
        [0;31mFUNCTIONS_SIR.R[0m[0K
        [0;31mMERS_Simple_Stochastic_Model.Rproj[0m[0K
        [0;31mageing.R[0m[0K
        [0;31mageing_stoch_outf.R[0m[0K
        [0;31mdiscrete_det_mod.Rmd[0m[0K
        [0;31mdiscrete_det_mod.html[0m[0K
        [0;31minstalling_odin_cheat_sheet.Rmd[0m[0K
        [0;31modin_SIR_mod.R[0m[0K
        [0;31modin_SIR_mod_ageing.R[0m[0K
        [0;31mrun_ageing_stoch_outf.R[0m[0K
        [0;31mrun_odin_SIR_mod.R[0m[0K
        [0;31mrun_odin_SIR_mod_ageing.R[0m[0K
        [0;31msimple model up and running.Rmd[0m[0K
        [0;31mstochastic_ageing_odin.R[0m[0K
[0K
[0K[?25h[?25l
[0;32mad3716@WPIA-DIDE223 [0;35m [0;33m~/Documents/PhD/MERS Simple Stochastic Model[0;36m (master)[0m[0K
$[0K[3G[?25h[?25l$ g[0K[?25hi[0Kt[0K[7G[?25l$ git p[0K[?25hu[0Ks[0Kh[0K[?25l
[0K[?25hfatal: HttpRequestException encountered.[0K[?25l
   An error occurred while sending the request.[0K
[0K[?25herror: cannot spawn rpostback-askpass: No such file or directory[0K[?25l
[0K[?25hPassword for 'https://AmyDighe@github.com':[0K[45G[6n[6n[?25l
[0K[?25hremote: Invalid username or password.[0K[?25l
fatal: Authentication failed for 'https://AmyDighe@github.com/AmyDighe/MERS_camel_mod.git/'[0K
[0K[?25h[?25l
[0;32mad3716@WPIA-DIDE223 [0;35m [0;33m~/Documents/PhD/MERS Simple Stochastic Model[0;36m (master)[0m[0K
$[0K[3G[?25h[?25l$ g[0K[?25hi[0Kt[0K[7G[?25l$ git c[0K[?25ho[0Km[0Km[0Ki[0Kt[0K[14G[?25l$ git commit -[0K[?25hm[0K[17G[?25l$ git commit -m "[0K[?25hA[0Kd[0Kd[0Ke[0Kd[0K[24G[23G[?25l$ git commit -m "Adde[0K[?25h[?25l$ git commit -m "Add[0K[?25h[?25l$ git commit -m "Ad[0K[?25h[?25l$ git commit -m "A[0K[?25h[?25l$ git commit -m "[0K[?25hR[0Ke[0Kw[0Kr[0K[?25lo[0K[22G[?25h[23G[?25l$ git commit -m "Rewrot[0K[?25he[0K[26G[?25l$ git commit -m "Rewrote c[0K[?25ho[0Kd[0Ke[0K[31G[?25l$ git commit -m "Rewrote code t[0K[?25ho[0K[34G[?25l$ git commit -m "Rewrote code to b[0K[?25h[?25le[0K[35G[?25h[36G[37G[?25l$ git commit -m "Rewrote code to be s[0K[?25ht[0Kr[0Ku[0Kc[0K[?25lt[0K[42G[?25h[43G[?25l$ git commit -m "Rewrote code to be structu[0K[?25hr[0Ke[0Kd[0K[48G[?25l$ git commit -m "Rewrote code to be structured b[0K[?25hy[0K[51G[?25l$ git commit -m "Rewrote code to be structured by o[0K[?25hu[0Kt[0Kf[0Kl[0Ko[0Kw[0Ks[0K[60G[?25l$ git commit -m "Rewrote code to be structured by outflows t[0K[?25ho[0K[63G[?25l$ git commit -m "Rewrote code to be structured by outflows to m[0K[?25ha[0Kk[0Ke[0K[68G[?25l$ git commit -m "Rewrote code to be structured by outflows to make d[0K[?25he[0Kt[0Ke[0Kr[0Km[0Ki[0Kn[0Ki[0Ks[0Kt[0Ki[0Kc[0K[82G[?25l$ git commit -m "Rewrote code to be structured by outflows to make deterministic a[0K[?25hn[0Kd[0K[86G[?25l$ git commit -m "Rewrote code to be structured by outflows to make deterministic and s[0K[?25ht[0Ko[0Kc[0Kh[0Ka[0Ks[0Kt[0Ki[0Kc[0K[97G[?25l$ git commit -m "Rewrote code to be structured by outflows to make deterministic and stochastic c[0K[?25ho[0Km[0Kp[0Ka[0Kr[0Ka[0Kb[0Kl[0Ke[0K"[0K[?25l$ git commit -m "Rewrote code to be structured by outflows to make deterministic and stochastic comparable[0K[?25h[?25l$ git commit -m "Rewrote code to be structured by outflows to make deterministic and stochastic comparabl[0K[?25h[?25l$ git commit -m "Rewrote code to be structured by outflows to make deterministic and stochastic comparab[0K[?25h[?25l$ git commit -m "Rewrote code to be structured by outflows to make deterministic and stochastic compara[0K[?25h[?25l$ git commit -m "Rewrote code to be structured by outflows to make deterministic and stochastic compar[0K[?25h[?25l$ git commit -m "Rewrote code to be structured by outflows to make deterministic and stochastic compa[0K[?25h[?25l$ git commit -m "Rewrote code to be structured by outflows to make deterministic and stochastic comp[0K[?25h[?25l$ git commit -m "Rewrote code to be structured by outflows to make deterministic and stochastic com[0K[?25h[?25l$ git commit -m "Rewrote code to be structured by outflows to make deterministic and stochastic co[0K[?25h[?25l$ git commit -m "Rewrote code to be structured by outflows to make deterministic and stochastic c[0K[?25h[?25l$ git commit -m "Rewrote code to be structured by outflows to make deterministic and stochastic[0K[97G[?25h[96G[?25l$ git commit -m "Rewrote code to be structured by outflows to make deterministic and stochasti[0K[?25h[?25l$ git commit -m "Rewrote code to be structured by outflows to make deterministic and stochast[0K[95G[?25h[94G[?25l$ git commit -m "Rewrote code to be structured by outflows to make deterministic and stochas[0K[?25h[?25l$ git commit -m "Rewrote code to be structured by outflows to make deterministic and stocha[0K[?25h[?25l$ git commit -m "Rewrote code to be structured by outflows to make deterministic and stoch[0K[?25h[?25l$ git commit -m "Rewrote code to be structured by outflows to make deterministic and stoc[0K[?25h[?25l$ git commit -m "Rewrote code to be structured by outflows to make deterministic and sto[0K[?25h[?25l$ git commit -m "Rewrote code to be structured by outflows to make deterministic and st[0K[?25h[?25l$ git commit -m "Rewrote code to be structured by outflows to make deterministic and s[0K[?25h[?25l$ git commit -m "Rewrote code to be structured by outflows to make deterministic and[0K[86G[?25h[85G[?25l$ git commit -m "Rewrote code to be structured by outflows to make deterministic an[0K[?25h[?25l$ git commit -m "Rewrote code to be structured by outflows to make deterministic a[0K[?25h[?25l$ git commit -m "Rewrote code to be structured by outflows to make deterministic[0K[82G[?25h[81G[?25l$ git commit -m "Rewrote code to be structured by outflows to make deterministi[0K[?25h[?25l$ git commit -m "Rewrote code to be structured by outflows to make determinis[0K[?25h[?25l$ git commit -m "Rewrote code to be structured by outflows to make determin[0K[77G[?25h[76G[?25l$ git commit -m "Rewrote code to be structured by outflows to make determi[0K[?25h[?25l$ git commit -m "Rewrote code to be structured by outflows to make determ[0K[?25h[?25l$ git commit -m "Rewrote code to be structured by outflows to make deter[0K[?25h[?25l$ git commit -m "Rewrote code to be structured by outflows to make dete[0K[?25h[?25l$ git commit -m "Rewrote code to be structured by outflows to make det[0K[?25h[?25l$ git commit -m "Rewrote code to be structured by outflows to make de[0K[?25h[?25l$ git commit -m "Rewrote code to be structured by outflows to make d[0K[?25h[?25l$ git commit -m "Rewrote code to be structured by outflows to make[0K[68G[?25h[67G[?25l$ git commit -m "Rewrote code to be structured by outflows to mak[0K[?25h[?25l$ git commit -m "Rewrote code to be structured by outflows to ma[0K[?25h[?25l$ git commit -m "Rewrote code to be structured by outflows to m[0K[?25h[?25l$ git commit -m "Rewrote code to be structured by outflows to[0K[63G[?25h[62G[?25l$ git commit -m "Rewrote code to be structured by outflows t[0K[?25h[?25l$ git commit -m "Rewrote code to be structured by outflows[0K[60G[?25h[59G[?25l$ git commit -m "Rewrote code to be structured by outflow[0K[?25h[?25l$ git commit -m "Rewrote code to be structured by outflo[0K[?25h[?25l$ git commit -m "Rewrote code to be structured by outfl[0K[?25h[?25l$ git commit -m "Rewrote code to be structured by outf[0K[?25h[?25l$ git commit -m "Rewrote code to be structured by out[0K[?25h[?25l$ git commit -m "Rewrote code to be structured by ou[0K[?25h[?25l$ git commit -m "Rewrote code to be structured by[0K[51G[?25h[50G[?25l$ git commit -m "Rewrote code to be structured b[0K[?25h[?25l$ git commit -m "Rewrote code to be structured[0K[48G[?25h[47G[?25l$ git commit -m "Rewrote code to be structure[0K[?25h[?25l$ git commit -m "Rewrote code to be structur[0K[?25h[?25l$ git commit -m "Rewrote code to be structu[0K[?25h[?25l$ git commit -m "Rewrote code to be struct[0K[?25h[?25l$ git commit -m "Rewrote code to be struc[0K[?25h[?25l$ git commit -m "Rewrote code to be stru[0K[?25h[?25l$ git commit -m "Rewrote code to be str[0K[?25h[?25l$ git commit -m "Rewrote code to be st[0K[?25h[?25l$ git commit -m "Rewrote code to be[0K[37G[?25h[36G[?25l$ git commit -m "Rewrote code to b[0K[?25h[?25l$ git commit -m "Rewrote code to[0K[34G[?25h[33G[?25l$ git commit -m "Rewrote code t[0K[?25h[?25l$ git commit -m "Rewrote code[0K[31G[?25h[30G[?25l$ git commit -m "Rewrote co[0K[?25h[?25l$ git commit -m "Rewrote c[0K[?25h[?25l$ git commit -m "Rewrote[0K[26G[?25h[25G[?25l$ git commit -m "Rewrot[0K[?25h[?25l$ git commit -m "Rewro[0K[?25h[?25l$ git commit -m "Rewr[0K[?25h[?25l$ git commit -m "Re[0K[?25h[?25l$ git commit -m "R[0K[?25h[?25l$ git commit -m "[0K[?25hv[0K3[0K[21G[?25l$ git commit -m "v3 -[0K[?25h[23G[?25l$ git commit -m "v3 - r[0K[?25he[0K[?25l$ git commit -m "v3 - r[0K[?25h[?25l$ git commit -m "v3 -[0K[23G[?25h[?25l$ git commit -m "v3 - r[0K[?25he[0Kw[0Kr[0Ko[0Kt[0Ke[0K[31G[?25l$ git commit -m "v3 - rewrote d[0K[?25he[0Kt[0Ke[0Kr[0Km[0Ki[0K[?25ln[0K[38G[?25h[39G[?25l$ git commit -m "v3 - rewrote determini[0K[?25hs[0Kt[0Ki[0K[?25lc[0K[43G[?25h[44G[45G[?25l$ git commit -m "v3 - rewrote deterministic a[0K[?25hg[0Ke[0Ki[0Kn[0Kg[0K[52G[?25l$ git commit -m "v3 - rewrote deterministic ageing m[0K[?25ho[0Kd[0Ke[0Kl[0K[58G[?25l$ git commit -m "v3 - rewrote deterministic ageing model t[0K[?25ho[0K[61G[?25l$ git commit -m "v3 - rewrote deterministic ageing model to b[0K[?25he[0K[64G[?25l$ git commit -m "v3 - rewrote deterministic ageing model to be s[0K[?25ht[0Kr[0Ku[0Kc[0Kt[0Ku[0Kr[0Ke[0Kd[0K[75G[?25l$ git commit -m "v3 - rewrote deterministic ageing model to be structured u[0K[?25hs[0Ki[0Kn[0Kg[0K[81G[?25l$ git commit -m "v3 - rewrote deterministic ageing model to be structured using o[0K[?25hu[0Kt[0Kf[0Kl[0Kow[0Ks[0K[90G[?25l$ git commit -m "v3 - rewrote deterministic ageing model to be structured using outflows f[0K[?25ho[0Kr[0K[94G[?25l$ git commit -m "v3 - rewrote deterministic ageing model to be structured using outflows for e[0K[?25h[?25la[0K[95G[?25h[96G[?25l$ git commit -m "v3 - rewrote deterministic ageing model to be structured using outflows for eas[0K[96G[?25h[97G[?25l$ git commit -m "v3 - rewrote deterministic ageing model to be structured using outflows for easy[0K[97G[?25h[99G[?25l$ git commit -m "v3 - rewrote deterministic ageing model to be structured using outflows for easy s[0K[?25ht[0K[?25l$ git commit -m "v3 - rewrote deterministic ageing model to be structured using outflows for easy s[0K[?25h[?25l$ git commit -m "v3 - rewrote deterministic ageing model to be structured using outflows for easy[0K[99G[?25h[?25l$ git commit -m "v3 - rewrote deterministic ageing model to be structured using outflows for easy t[0K[?25hr[0Ka[0Kn[0Ks[0Ki[0Ks[0Ks[0Ki[0Ko[0Kn[0K[111G[?25l$ git commit -m "v3 - rewrote deterministic ageing model to be structured using outflows for easy transission t[0K[?25h[?25lo[0K[112G[?25h[113G[114G[?25l$ git commit -m "v3 - rewrote deterministic ageing model to be structured using outflows for easy transission to s[0K[?25ht[0Ko[0Kc[0Kh[0Ka[0Ks[0Kt[0Ki[0Kc[0K"[0K[?25l
[0K[?25h[master 2bcb08b] v3 - rewrote deterministic ageing model to be structured using outflows for easy transission to stochastic[0K[?25l
 2 files changed, 152 insertions(+)[0K
 create mode 100644 outflows.R[0K
 create mode 100644 run_outflows_ageing_det.R[0K
[0K[?25h[?25l
[0;32mad3716@WPIA-DIDE223 [0;35m [0;33m~/Documents/PhD/MERS Simple Stochastic Model[0;36m (master)[0m[0K
$[0K[3G[?25h[0m[0K]0;[?25l
[0;32mad3716@WPIA-DIDE223 [0;35m [0;33m~/Documents/PhD/MERS Simple Stochastic Model[0;36m (master)[0m[0K
[?25l$ g[0K[?25hi[0Kt[0K[7G[?25l$ git a[0K[?25hd[0Kd[0K[11G[?25l$ git add "[0K[?25hs[0Kt[0Ko[0Kc[0Kh[0Ka[0Ks[0Kt[0K[?25li[0K[20G[?25h[21G[?25l$ git add "stochastic[0K[?25h_[0Km[0Ko[0Kd[0Ke[0Kl[0K_[0Ko[0Kd[0Ki[0Kn[0K_[0Kv[0K1[0K.[0KR[0K"[0K[?25l$ git add "stochastic_model_odin_v1.R[0K[?25h[?25l$ git add "stochastic_model_odin_v1.[0K[?25h[?25l$ git add "stochastic_model_odin_v1[0K[?25h[?25l$ git add "stochastic_model_odin_v[0K[?25h[?25l$ git add "stochastic_model_odin_[0K[?25h[?25l$ git add "stochastic_model_odin[0K[?25h[?25l$ git add "stochastic_model_odi[0K[?25h[?25l$ git add "stochastic_model_od[0K[?25h[?25l$ git add "stochastic_model_o[0K[?25h[?25l$ git add "stochastic_model_[0K[?25h[?25l$ git add "stochastic_model[0K[?25h[?25l$ git add "stochastic_mode[0K[?25h[?25l$ git add "stochastic_mod[0K[?25h[?25l$ git add "stochastic_mo[0K[?25h[?25l$ git add "stochastic_m[0K[?25h[?25l$ git add "stochastic_[0K[?25h[?25l$ git add "stochastic[0K[?25h[?25l$ git add "stochasti[0K[?25h[?25l$ git add "stochast[0K[?25h[?25l$ git add "stochas[0K[?25h[?25l$ git add "stocha[0K[19G[?25h[18G[?25l$ git add "stoch[0K[?25h[?25l$ git add "stoc[0K[?25h[?25l$ git add "sto[0K[?25h[?25l$ git add "st[0K[?25h[?25l$ git add "s[0K[?25h[?25l$ git add "[0K[?25h[?25l$ git add[0K[11G[?25h[?25l$ git add s[0K[?25ht[0Ko[0Kc[0Kh[0Ka[0Ks[0Kt[0Ki[0Kc[0K.[0Km[0K[?25l$ git add stochastic.[0K[?25h[?25l$ git add stochastic[0K[?25h[?25l$ git add stochasti[0K[?25hc[0K_[0Km[0Ko[0Kd[0Ke[0Kl[0K_[0Ko[0Kd[0Ki[0Kn[0K_[0Kv[0K1[0K.[0KR[0K[?25l
[0K[?25h[?25l
[0;32mad3716@WPIA-DIDE223 [0;35m [0;33m~/Documents/PhD/MERS Simple Stochastic Model[0;36m (master)[0m[0K
$[0K[3G[?25h[?25l$ g[0K[?25ht[0K[?25l$ g[0K[5G[?25h[4G[?25l$ gi[0K[4G[?25h[5G[?25l$ git[0K[?25h[7G[?25l$ git a[0K[?25hd[0Kd[0K[11G[?25l$ git add s[0K[?25ht[0K[?25l$ git add s[0K[?25h[?25l$ git add[0K[11G[?25h[?25l$ git add r[0K[?25hu[0Kn[0K_[0Ks[0Ko[0K[?25l$ git add run_s[0K[?25h[?25l$ git add run_[0K[?25ht[0K[?25l$ git add run_[0K[?25hs[0Kt[0Kc[0Ko[0Kh[0Ka[0Ks[0K[?25lt[0K[22G[?25h[23G[?25l$ git add run_stcohasti[0K[?25hc[0K[26G[25G[?25l$ git add run_stcohasti[0K[?25h[?25l$ git add run_stcohast[0K[?25h[?25l$ git add run_stcohas[0K[?25h[?25l$ git add run_stcoha[0K[?25h[?25l$ git add run_stcoh[0K[?25h[?25l$ git add run_stco[0K[?25h[?25l$ git add run_stc[0K[?25h[?25l$ git add run_st[0K[?25ho[0Kc[0Kh[0Ka[0Ks[0Kt[0Ki[0Kc[0K_[0Km[0Ko[0Kd[0Ke[0Kl[0K_[0Ko[0Kd[0Ki[0K[?25ln[0K[35G[?25h[36G[?25l$ git add run_stochastic_model_odin_[0K[?25h[?25lv[0K[37G[?25h[38G[?25l$ git add run_stochastic_model_odin_v1[0K[?25h.[0KR[0K[?25l
[0K[?25hfatal: pathspec 'run_stochastic_model_odin_v1.R' did not match any files[0K[?25l
[0K[?25h[?25l
[0;32mad3716@WPIA-DIDE223 [0;35m [0;33m~/Documents/PhD/MERS Simple Stochastic Model[0;36m (master)[0m[0K
$[0K[3G[?25h[?25l$ g[0K[?25hi[0Kt[0K[7G[?25l$ git a[0K[?25hd[0Kd[0K[11G[?25l$ git add r[0K[?25hu[0Kn[0K_[0Ks[0Kt[0Ko[0Kc[0Kh[0Ka[0Ks[0Kt[0Kc[0K[?25l$ git add run_stochast[0K[?25hi[0Kc[0K_[0Km[0Ko[0Kd[0Ke[0Kl[0K_[0K[?25lo[0K[32G[?25h[33G[?25l$ git add run_stochastic_model_od[0K[33G[?25h[34G[?25l$ git add run_stochastic_model_odi[0K[?25h[?25ln[0K[35G[?25h[36G[?25l$ git add run_stochastic_model_odin.[0K[?25hR[0K[?25l
[0K[?25h[?25l
[0;32mad3716@WPIA-DIDE223 [0;35m [0;33m~/Documents/PhD/MERS Simple Stochastic Model[0;36m (master)[0m[0K
$[0K[3G[?25h[?25l$ g[0K[?25hi[0Kt[0K[7G[?25l$ git c[0K[?25ho[0Km[0Ki[0Kt[0K[13G[12G[?25l$ git comi[0K[?25h[?25l$ git com[0K[?25hm[0Ki[0Kt[0K[14G[?25l$ git commit m[0K[?25h[?25l$ git commit[0K[14G[?25h[?25l$ git commit -[0K[?25hm[0K[17G[?25l$ git commit -m "[0K[?25hf[0Ki[0K[?25lr[0K[20G[?25h[21G[?25l$ git commit -m "firs[0K[?25ht[0K[24G[?25l$ git commit -m "first v[0K[?25he[0Kr[0Kis[0Ko[0Kn[0K[32G[31G[?25l$ git commit -m "first veriso[0K[?25h[?25l$ git commit -m "first veris[0K[?25h[?25l$ git commit -m "first veri[0K[?25h[?25l$ git commit -m "first ver[0K[?25hs[0Ki[0Ko[0Kn[0K[32G[?25l$ git commit -m "first version o[0K[?25hf[0K[35G[?25l$ git commit -m "first version of s[0K[?25h[?25lt[0K[36G[?25h[37G[?25l$ git commit -m "first version of sto[0K[?25hc[0Kh[0Ka[0Ks[0Kt[0Ki[0Kc[0K[46G[?25l$ git commit -m "first version of stochastic m[0K[?25ho[0Kd[0Ke[0Kl[0K[52G[?25l$ git commit -m "first version of stochastic model i[0K[?25hn[0K[55G[?25l$ git commit -m "first version of stochastic model in o[0K[?25hd[0Ki[0Kn[0K[60G[?25l$ git commit -m "first version of stochastic model in odin ([0K[?25h[?25l$ git commit -m "first version of stochastic model in odin[0K[60G[?25h[59G[?25l$ git commit -m "first version of stochastic model in odin"[0K[?25h[?25l$ git commit -m "first version of stochastic model in odin[0K[?25h[?25l$ git commit -m "first version of stochastic model in odi[0K[?25h[?25l$ git commit -m "first version of stochastic model in od[0K[?25h[?25l$ git commit -m "first version of stochastic model in o[0K[?25h[?25l$ git commit -m "first version of stochastic model in[0K[55G[?25h[54G[?25l$ git commit -m "first version of stochastic model i[0K[?25h[?25l$ git commit -m "first version of stochastic model[0K[52G[?25h[51G[?25l$ git commit -m "first version of stochastic mode[0K[?25h[?25l$ git commit -m "first version of stochastic mod[0K[?25h[?25l$ git commit -m "first version of stochastic mo[0K[?25h[?25l$ git commit -m "first version of stochastic m[0K[?25h[?25l$ git commit -m "first version of stochastic[0K[46G[?25h[45G[?25l$ git commit -m "first version of stochasti[0K[?25h[?25l$ git commit -m "first version of stochast[0K[?25h[?25l$ git commit -m "first version of stochas[0K[?25h[?25l$ git commit -m "first version of stoch[0K[41G[?25h[40G[?25l$ git commit -m "first version of stoc[0K[?25h[?25l$ git commit -m "first version of sto[0K[?25h[?25l$ git commit -m "first version of st[0K[?25h[?25l$ git commit -m "first version of s[0K[?25h[?25l$ git commit -m "first version of[0K[35G[?25h[34G[?25l$ git commit -m "first version o[0K[?25h[?25l$ git commit -m "first version[0K[32G[?25h[31G[?25l$ git commit -m "first versio[0K[?25h[?25l$ git commit -m "first versi[0K[?25h[?25l$ git commit -m "first vers[0K[?25h[?25l$ git commit -m "first ver[0K[?25h[?25l$ git commit -m "first v[0K[?25h[?25l$ git commit -m "first[0K[24G[?25h[23G[?25l$ git commit -m "firs[0K[?25h[?25l$ git commit -m "fir[0K[?25h[?25l$ git commit -m "fi[0K[?25h[?25l$ git commit -m "[0K[?25h[?25l$ git commit -m[0K[17G[?25h[?25l$ git commit -m "[0K[?25hn[0Ko[0Kt[0K[22G[?25l$ git commit -m "not y[0K[?25he[0Kt[0K[26G[?25l$ git commit -m "not yet w[0K[?25ho[0Kr[0Kk[0Ki[0Kn[0Kg[0K[34G[?25l$ git commit -m "not yet working -[0K[?25h[36G[?25l$ git commit -m "not yet working - 1[0K[?25hs[0Kt[0K[40G[?25l$ git commit -m "not yet working - 1st f[0K[?25h[?25l$ git commit -m "not yet working - 1st[0K[40G[?25h[?25l$ git commit -m "not yet working - 1st v[0K[?25he[0Kr[0Ks[0Ki[0Ko[0Kn[0K[48G[?25l$ git commit -m "not yet working - 1st version o[0K[?25hf[0K[51G[?25l$ git commit -m "not yet working - 1st version of s[0K[?25ht[0Ko[0Kc[0Kh[0Ka[0Ks[0Kt[0Ki[0Kc[0K[62G[?25l$ git commit -m "not yet working - 1st version of stochastic m[0K[?25ho[0Kd[0Ke[0Kl[0K[68G[?25l$ git commit -m "not yet working - 1st version of stochastic model i[0K[?25hn[0K[71G[?25l$ git commit -m "not yet working - 1st version of stochastic model in o[0K[71G[?25h[72G[?25l$ git commit -m "not yet working - 1st version of stochastic model in od[0K[?25hi[0Kn[0K"[0K[?25l
[0K[?25h[master 80ab807] not yet working - 1st version of stochastic model in odin[0K[?25l
 2 files changed, 201 insertions(+)[0K
 create mode 100644 run_stochastic_model_odin.R[0K
 create mode 100644 stochastic_model_odin_v1.R[0K
[0K[?25h[?25l
[0;32mad3716@WPIA-DIDE223 [0;35m [0;33m~/Documents/PhD/MERS Simple Stochastic Model[0;36m (master)[0m[0K
$[0K[3G[?25h[?25l$ g[0K[?25hi[0Kt[0K[7G[?25l$ git p[0K[?25hu[0Ks[0Kh[0K[?25l
[0K[?25hfatal: HttpRequestException encountered.[0K[?25l
   An error occurred while sending the request.[0K
[0K[?25herror: cannot spawn rpostback-askpass: No such file or directory[0K[?25l
[0K[?25hPassword for 'https://AmyDighe@github.com':[0K[45G[?25l
[0K[?25hremote: Invalid username or password.[0K[?25l
fatal: Authentication failed for 'https://AmyDighe@github.com/AmyDighe/MERS_camel_mod.git/'[0K
[0K[?25h[?25l
[0;32mad3716@WPIA-DIDE223 [0;35m [0;33m~/Documents/PhD/MERS Simple Stochastic Model[0;36m (master)[0m[0K
$[0K[3G[?25h[0m[0K]0;[?25l
[0;32mad3716@WPIA-DIDE223 [0;35m [0;33m~/Documents/PhD/MERS Simple Stochastic Model[0;36m (master)[0m[0K
[?25l$ g[0K[?25hi[0Kt[0K[7G[?25l$ git a[0K[?25hd[0Kd[0K[11G[?25l$ git add s[0K[?25ht[0Ko[0Ka[0Kc[0Kh[0Ka[0Kt[0Ks[0K[?25l$ git add stoachat[0K[?25h[?25l$ git add stoacha[0K[?25h[?25l$ git add stoach[0K[?25h[?25l$ git add stoac[0K[?25h[?25l$ git add stoa[0K[?25h[?25l$ git add sto[0K[?25hc[0Kh[0Ka[0Ks[0Kt[0Ki[0Kc[0K_[0Km[0Ko[0Kd[0Ke[0Kl[0K_[0Ko[0Kd[0Ki[0Kn[0K_[0Kv[0K3[0K.[0KR[0K[?25l
[0K[?25h[?25l
[0;32mad3716@WPIA-DIDE223 [0;35m [0;33m~/Documents/PhD/MERS Simple Stochastic Model[0;36m (master)[0m[0K
$[0K[3G[?25h[?25l$ g[0K[?25hi[0Kt[0K[7G[?25l$ git c[0K[?25ho[0Km[0K[?25lm[0K[10G[?25h[11G[?25l$ git commi[0K[?25ht[0K[14G[?25l$ git commit -[0K[?25hm[0K[17G[?25l$ git commit -m "[0K[?25ha[0Kd[0Kd[0Ki[0Kn[0Kg[0K[25G[?25l$ git commit -m "adding u[0K[?25hp[0Kd[0Ka[0Kt[0Ke[0Kd[0K[33G[?25l$ git commit -m "adding updated w[0K[?25h[?25l$ git commit -m "adding updated[0K[33G[?25h[?25l$ git commit -m "adding updated v[0K[?25he[0Kr[0Ks[0Ki[0Ko[0Kn[0K[41G[?25l$ git commit -m "adding updated version w[0K[?25hi[0Kt[0Kh[0Kr[0K[?25l$ git commit -m "adding updated version with[0K[?25h[46G[?25l$ git commit -m "adding updated version with p[0K[?25hr[0Ko[0Kb[0K[?25la[0K[50G[?25h[51G[?25l$ git commit -m "adding updated version with probab[0K[?25hi[0Kl[0Ki[0Kt[0K[?25li[0K[56G[?25h[57G[?25l$ git commit -m "adding updated version with probabilitie[0K[?25hs[0K[60G[?25l$ git commit -m "adding updated version with probabilities c[0K[?25ho[0Kr[0Kr[0K[?25le[0K[64G[?25h[65G[?25l$ git commit -m "adding updated version with probabilities correc[0K[?25ht[0Ke[0Kd[0K[70G[?25l$ git commit -m "adding updated version with probabilities corrected i[0K[?25hn[0K[73G[?25l$ git commit -m "adding updated version with probabilities corrected in m[0K[?25hu[0Kl[0Kt[0Ki[0Kn[0Ko[0Km[0K[?25l
>[0K[3G[?25h[?25l> "[0K[?25h[?25l
[0K[?25h[master 74984a9] adding updated version with probabilities corrected in multinom[0K[?25l
 1 file changed, 169 insertions(+)[0K
 create mode 100644 stochastic_model_odin_v3.R[0K
[0K[?25h[?25l
[0;32mad3716@WPIA-DIDE223 [0;35m [0;33m~/Documents/PhD/MERS Simple Stochastic Model[0;36m (master)[0m[0K
$[0K[3G[?25h[?25l$ g[0K[?25hi[0Kt[0K[7G[?25l$ git c[0K[?25ho[0K[?25lm[0K[9G[?25h[10G[?25l$ git comm[0K[?25hi[0Kt[0K[14G[?25l$ git commit -[0K[?25hm[0K[17G[?25l$ git commit -m "[0K[?25hf[0Ki[0Kx[0Ke[0Kd[0K[24G[?25l$ git commit -m "fixed s[0K[24G[?25h[25G[?25l$ git commit -m "fixed st[0K[?25ho[0Kc[0K[?25lh[0K[28G[?25h[29G[?25l$ git commit -m "fixed stocha[0K[?25hs[0K[?25lt[0K[31G[?25h[32G[?25l$ git commit -m "fixed stochasti[0K[?25hc[0K[35G[?25l$ git commit -m "fixed stochastic f[0K[?25hu[0Kn[0Kc[0Kt[0Ki[0Ko[0Kn[0K[?25ls[0K[43G[?25h[44G[45G[44G[?25l$ git commit -m "fixed stochastic functions"[0K[?25h[?25l
[0K[?25hOn branch master[0K[?25l
Your branch is up to date with 'origin/master'.[0K
[0K
Changes not staged for commit:[0K
        [0;31mmodified:   .Rhistory[0m[0K
        [0;31mmodified:   .Rproj.user/E86ACB2F/console06/FB2DDFB3[0m[0K
        [0;31mmodified:   .Rproj.user/E86ACB2F/console06/INDEX001[0m[0K
        [0;31mmodified:   .Rproj.user/E86ACB2F/pcs/source-pane.pper[0m[0K
        [0;31mmodified:   .Rproj.user/E86ACB2F/pcs/windowlayoutstate.pper[0m[0K
        [0;31mmodified:   .Rproj.user/E86ACB2F/pcs/workbench-pane.pper[0m[0K
        [0;31mmodified:   .Rproj.user/E86ACB2F/rmd-outputs[0m[0K
        [0;31mmodified:   .Rproj.user/E86ACB2F/sources/prop/INDEX[0m[0K
        [0;31mmodified:   .Rproj.user/shared/notebooks/paths[0m[0K
        [0;31mdeleted:    MERS Simple Stochastic Model.Rproj[0m[0K
        [0;31mmodified:   ageing_complete_det.R[0m[0K
        [0;31mmodified:   outflows.R[0m[0K
        [0;31mmodified:   run_ageing_comp_det.R[0m[0K
        [0;31mmodified:   run_outflows_ageing_det.R[0m[0K
        [0;31mmodified:   run_stochastic_model_odin.R[0m[0K
        [0;31mdeleted:    stochastic_model_odin_v1.R[0m[0K
        [0;31mmodified:   stochastic_model_odin_v3.R[0m[0K
[0K
Untracked files:[0K
        [0;31mFUNCTIONS_SIR.R[0m[0K
        [0;31mMERS_Simple_Stochastic_Model.Rproj[0m[0K
        [0;31mageing.R[0m[0K
        [0;31mdiscrete_det_mod.Rmd[0m[0K
        [0;31mdiscrete_det_mod.html[0m[0K
        [0;31minstalling_odin_cheat_sheet.Rmd[0m[0K
        [0;31modin_SIR_mod.R[0m[0K
        [0;31modin_SIR_mod_ageing.R[0m[0K
        [0;31mrun_odin_SIR_mod.R[0m[0K
        [0;31mrun_odin_SIR_mod_ageing.R[0m[0K
        [0;31msimple model up and running.Rmd[0m[0K
[0K
no changes added to commit[0K
[0K[?25h[?25l
[0;32mad3716@WPIA-DIDE223 [0;35m [0;33m~/Documents/PhD/MERS Simple Stochastic Model[0;36m (master)[0m[0K
$[0K[3G[?25h[?25l$ g[0K[?25hi[0Kt[0K[7G[?25l$ git a[0K[?25hd[0Kd[0K[11G[10G[?25l$ git ad[0K[?25h[?25l$ git a[0K[?25h[?25l$ git[0K[7G[?25h[6G[?25l$ gi[0K[?25h[?25l$ g[0K[?25h[?25l$[0K[3G[?25h[?25l$ a[0K[?25hd[0Kd[0K[?25l$ ad[0K[?25h[?25l$ a[0K[?25h[?25l$[0K[3G[?25h[?25l$ g[0K[?25hi[0Kt[0K[7G[?25l$ git a[0K[7G[?25h[8G[?25l$ git ad[0K[?25hd[0K[11G[?25l$ git add s[0K[?25ht[0Ko[0Kc[0Kh[0Ka[0Ks[0Kt[0Ki[0Kc[0K_[0Km[0Ko[0Kd[0Ke[0Kl[0K_[0Ko[0Kd[0Ki[0Kn[0K_[0Kv[0K3[0K.[0KR[0K[?25l
[0K[?25h[?25l
[0;32mad3716@WPIA-DIDE223 [0;35m [0;33m~/Documents/PhD/MERS Simple Stochastic Model[0;36m (master)[0m[0K
$[0K[3G[?25h[?25l$ g[0K[?25hi[0Kt[0K[7G[?25l$ git a[0K[?25hd[0Kd[0K[11G[?25l$ git add r[0K[?25hu[0Kn[0K_[0Ks[0Kt[0Ko[0Kc[0Kh[0Ka[0Ks[0Kt[0K[?25l$ git add run_stochas[0K[?25h[?25l$ git add run_stocha[0K[?25h[?25l$ git add run_stoch[0K[?25h[?25l$ git add run_stoc[0K[?25h[?25l$ git add run_sto[0K[?25h[?25l$ git add run_s[0K[?25h[?25l$ git add run_[0K[?25h[?25l$ git add run[0K[?25h[?25l$ git add r[0K[13G[?25h[12G[?25l$ git add[0K[11G[?25h[10G[?25l$ git ad[0K[?25h[?25l$ git a[0K[?25h[?25l$ git[0K[7G[?25h[6G[?25l$ gi[0K[?25h[?25l$ g[0K[?25h[?25l$[0K[3G[?25h[?25l$ g[0K[?25h[?25li[0K[4G[?25h[5G[?25l$ git[0K[?25h[7G[?25l$ git c[0K[?25ho[0Km[0Km[0Ki[0Kt[0K[14G[?25l$ git commit -[0K[?25hm[0K[17G[?25l$ git commit -m "[0K[?25hf[0Ki[0Kx[0Ke[0Kd[0K[24G[?25l$ git commit -m "fixed s[0K[?25ht[0Ko[0Kc[0Kh[0Ka[0Ks[0Kt[0Ki[0Kc[0K[35G[34G[?25l$ git commit -m "fixed stochastici[0K[?25ht[0Ky[0K[?25l$ git commit -m "fixed stochasticit[0K[?25h[?25l$ git commit -m "fixed stochastici[0K[?25h[?25l$ git commit -m "fixed stochastic[0K[?25h[35G[?25l$ git commit -m "fixed stochastic e[0K[35G[?25h[36G[?25l$ git commit -m "fixed stochastic el[0K[?25he[0Km[0Ke[0Kn[0Kt[0Ks[0K"[0K[?25l
[0K[?25h[master a5e8be2] fixed stochastic elements[0K[?25l
 1 file changed, 24 insertions(+), 16 deletions(-)[0K
[0K[?25h[?25l
[0;32mad3716@WPIA-DIDE223 [0;35m [0;33m~/Documents/PhD/MERS Simple Stochastic Model[0;36m (master)[0m[0K
$[0K[3G[?25h[0m[0K]0;[?25l
[0;32mad3716@WPIA-DIDE223 [0;35m [0;33m~/Documents/PhD/MERS Simple Stochastic Model[0;36m (master)[0m[0K
[?25l$ g[0K[?25hi[0Kt[0K[7G[?25l$ git a[0K[?25hd[0Kd[0K[11G[?25l$ git add s[0K[11G[?25h[12G[?25l$ git add st[0K[?25h[?25l$ git add s[0K[?25h[?25l$ git add[0K[11G[?25h[?25l$ git add s[0K[?25ht[0Ko[0K[?25lc[0K[14G[?25h[15G[?25l$ git add stoch[0K[?25h_[0Km[0Ko[0Kd[0K_[0KS[0KI[0KR[0KS[0KI[0KR[0K.[0KR[0K[?25l
[0K[?25h[?25l
[0;32mad3716@WPIA-DIDE223 [0;35m [0;33m~/Documents/PhD/MERS Simple Stochastic Model[0;36m (master)[0m[0K
$[0K[3G[?25h[?25l$ g[0K[?25hi[0Kt[0K[7G[?25l$ git a[0K[?25hd[0Kd[0K[11G[?25l$ git add s[0K[?25ht[0Ko[0Kc[0Kh[0K[?25l$ git add stoc[0K[?25h[?25l$ git add sto[0K[?25h[?25l$ git add st[0K[?25h[?25l$ git add s[0K[?25h[?25l$ git add[0K[11G[?25h[?25l$ git add r[0K[?25hu[0Kn[0K_[0Ks[0Kt[0Ko[0Kc[0Kh[0K_[0Km[0Ko[0K[?25ld[0K[23G[?25h[24G[?25l$ git add run_stoch_mod_[0K[?25hS[0KI[0KR[0KS[0KI[0KR[0K.[0KR[0K[?25l
[0K[?25h[?25l
[0;32mad3716@WPIA-DIDE223 [0;35m [0;33m~/Documents/PhD/MERS Simple Stochastic Model[0;36m (master)[0m[0K
$[0K[3G[?25h[?25l$ g[0K[?25h[?25li[0K[4G[?25h[5G[?25l$ git[0K[?25h[7G[?25l$ git c[0K[?25ho[0Km[0Km[0Ki[0Kt[0K[14G[?25l$ git commit -[0K[?25hm[0K[17G[?25l$ git commit -m "[0K[?25he[0Kx[0Kt[0Ke[0Kn[0Kd[0Ke[0Kd[0K[27G[?25l$ git commit -m "extended i[0K[?25hn[0Ki[0Kt[0Ka[0Kl[0K[34G[?25l$ git commit -m "extended inital M[0K[?25h[36G[?25l$ git commit -m "extended inital M c[0K[?25ho[0K[?25lm[0K[38G[?25h[39G[?25l$ git commit -m "extended inital M comp[0K[?25ha[0Kr[0Kt[0Km[0Ke[0Kn[0Kt[0Ks[0K[49G[?25l$ git commit -m "extended inital M compartments t[0K[?25ho[0K[52G[?25l$ git commit -m "extended inital M compartments to b[0K[?25he[0Kc[0Ko[0Km[0Ke[0K[59G[?25l$ git commit -m "extended inital M compartments to become S[0K[?25hI[0KR[0K"[0K[62G[?25l$ git commit -m "extended inital M compartments to become SIR "[0K[63G[?25h[?25l$ git commit -m "extended inital M compartments to become SIR w"[0K[64G[?25h[?25l$ git commit -m "extended inital M compartments to become SIR wi"[0K[65G[?25h[?25l$ git commit -m "extended inital M compartments to become SIR wit"[0K[66G[?25h[?25l$ git commit -m "extended inital M compartments to become SIR with"[0K[67G[?25h[?25l$ git commit -m "extended inital M compartments to become SIR with "[0K[68G[?25h[?25l$ git commit -m "extended inital M compartments to become SIR with r"[0K[69G[?25h[?25l$ git commit -m "extended inital M compartments to become SIR with re"[0K[70G[?25h[?25l$ git commit -m "extended inital M compartments to become SIR with red"[0K[71G[?25h[?25l$ git commit -m "extended inital M compartments to become SIR with redu"[0K[72G[?25h[?25l$ git commit -m "extended inital M compartments to become SIR with reduc"[0K[73G[?25h[?25l$ git commit -m "extended inital M compartments to become SIR with reduce"[0K[74G[?25h[?25l$ git commit -m "extended inital M compartments to become SIR with reduced"[0K[75G[?25h[?25l$ git commit -m "extended inital M compartments to become SIR with reduced "[0K[76G[?25h[?25l$ git commit -m "extended inital M compartments to become SIR with reduced s"[0K[77G[?25h[?25l$ git commit -m "extended inital M compartments to become SIR with reduced su"[0K[78G[?25h[?25l$ git commit -m "extended inital M compartments to become SIR with reduced sus"[0K[79G[?25h[?25l$ git commit -m "extended inital M compartments to become SIR with reduced susc"[0K[80G[?25h[?25l$ git commit -m "extended inital M compartments to become SIR with reduced susce"[0K[81G[?25h[?25l$ git commit -m "extended inital M compartments to become SIR with reduced suscep"[0K[82G[?25h[?25l$ git commit -m "extended inital M compartments to become SIR with reduced suscept"[0K[83G[?25h[?25l$ git commit -m "extended inital M compartments to become SIR with reduced suscepti"[0K[84G[?25h[?25l$ git commit -m "extended inital M compartments to become SIR with reduced susceptib"[0K[85G[?25h[?25l$ git commit -m "extended inital M compartments to become SIR with reduced susceptibi"[0K[86G[?25h[?25l$ git commit -m "extended inital M compartments to become SIR with reduced susceptibil"[0K[87G[?25h[?25l$ git commit -m "extended inital M compartments to become SIR with reduced susceptibilt"[0K[88G[?25h[?25l$ git commit -m "extended inital M compartments to become SIR with reduced susceptibilty"[0K[89G[?25h[?25l
[0K[?25h[master 6287b24] extended inital M compartments to become SIR with reduced susceptibilty[0K[?25l
 2 files changed, 181 insertions(+)[0K
 create mode 100644 run_stoch_mod_SIRSIR.R[0K
 create mode 100644 stoch_mod_SIRSIR.R[0K
[0K[?25h[?25l
[0;32mad3716@WPIA-DIDE223 [0;35m [0;33m~/Documents/PhD/MERS Simple Stochastic Model[0;36m (master)[0m[0K
$[0K[3G[?25h[?25l$ g[0K[?25h[?25li[0K[4G[?25h[5G[?25l$ git[0K[?25h[7G[?25l$ git k[0K[?25h[?25l
[0K[?25hgit: 'k' is not a git command. See 'git --help'.[0K[?25l
[0K
The most similar commands are[0K
        am[0K
        fsck[0K
        gc[0K
        mv[0K
        p4[0K
        rm[0K
[0K[?25h[?25l
[0;32mad3716@WPIA-DIDE223 [0;35m [0;33m~/Documents/PhD/MERS Simple Stochastic Model[0;36m (master)[0m[0K
$[0K[3G[?25h[?25l$ g[0K[?25hi[0Kt[0K[7G[?25l$ git s[0K[7G[?25h[8G[?25l$ git st[0K[?25ha[0Kt[0Ku[0Ks[0K[?25l
[0K[?25hOn branch master[0K[?25l
Your branch is up to date with 'origin/master'.[0K
[0K
Changes not staged for commit:[0K
  (use "git add/rm <file>..." to update what will be committed)[0K
  (use "git checkout -- <file>..." to discard changes in working directory)[0K
[0K
        [0;31mmodified:   .Rhistory[0m[0K
        [0;31mmodified:   .Rproj.user/E86ACB2F/console06/FB2DDFB3[0m[0K
        [0;31mmodified:   .Rproj.user/E86ACB2F/console06/INDEX001[0m[0K
        [0;31mmodified:   .Rproj.user/E86ACB2F/pcs/windowlayoutstate.pper[0m[0K
        [0;31mmodified:   .Rproj.user/E86ACB2F/pcs/workbench-pane.pper[0m[0K
        [0;31mmodified:   .Rproj.user/E86ACB2F/rmd-outputs[0m[0K
        [0;31mmodified:   .Rproj.user/E86ACB2F/sources/prop/INDEX[0m[0K
        [0;31mmodified:   .Rproj.user/shared/notebooks/paths[0m[0K
        [0;31mdeleted:    MERS Simple Stochastic Model.Rproj[0m[0K
        [0;31mmodified:   ageing_complete_det.R[0m[0K
        [0;31mmodified:   outflows.R[0m[0K
        [0;31mmodified:   run_ageing_comp_det.R[0m[0K
        [0;31mmodified:   run_outflows_ageing_det.R[0m[0K
        [0;31mmodified:   run_stoch_mod_SIRSIR.R[0m[0K
        [0;31mmodified:   run_stochastic_model_odin.R[0m[0K
        [0;31mmodified:   stoch_mod_SIRSIR.R[0m[0K
        [0;31mdeleted:    stochastic_model_odin_v1.R[0m[0K
        [0;31mmodified:   stochastic_model_odin_v3.R[0m[0K
[0K
Untracked files:[0K
  (use "git add <file>..." to include in what will be committed)[0K
[0K
        [0;31mFUNCTIONS_SIR.R[0m[0K
        [0;31mMERS_Simple_Stochastic_Model.Rproj[0m[0K
        [0;31mageing.R[0m[0K
        [0;31mdiscrete_det_mod.Rmd[0m[0K
        [0;31mdiscrete_det_mod.html[0m[0K
        [0;31minstalling_odin_cheat_sheet.Rmd[0m[0K
        [0;31modin_SIR_mod.R[0m[0K
        [0;31modin_SIR_mod_ageing.R[0m[0K
        [0;31mrun_odin_SIR_mod.R[0m[0K
        [0;31mrun_odin_SIR_mod_ageing.R[0m[0K
        [0;31msimple model up and running.Rmd[0m[0K
[0K
no changes added to commit (use "git add" and/or "git commit -a")[0K
[0K[?25h[?25l
[0;32mad3716@WPIA-DIDE223 [0;35m [0;33m~/Documents/PhD/MERS Simple Stochastic Model[0;36m (master)[0m[0K
$[0K[3G[?25h[?25l$ g[0K[3G[?25h[4G[?25l$ gi[0K[4G[?25h[5G[?25l$ git[0K[?25h[7G[?25l$ git a[0K[?25hd[0Kd[0K[11G[?25l$ git add r[0K[?25hu[0K[?25l$ git add r[0K[?25h[?25l$ git add[0K[11G[?25h[?25l$ git add s[0K[?25ht[0Ko[0K[?25lc[0K[14G[?25h[15G[?25l$ git add stoch[0K[?25h_[0Km[0Ko[0Kd[0K_[0KS[0KI[0KR[0KS[0KI[0KR[0K.[0KR[0K[?25l
[0K[?25h[?25l
[0;32mad3716@WPIA-DIDE223 [0;35m [0;33m~/Documents/PhD/MERS Simple Stochastic Model[0;36m (master)[0m[0K
$[0K[3G[?25h[?25l$ g[0K[?25hi[0Kt[0K[7G[?25l$ git a[0K[?25hd[0Kd[0K[11G[?25l$ git add r[0K[?25hu[0Kn[0K_[0Ks[0Kt[0Ko[0Kc[0Kh[0K_[0Km[0K[?25lo[0K[22G[?25h[23G[?25l$ git add run_stoch_mod[0K[?25h_[0KS[0KI[0KR[0KS[0KI[0KR[0K.[0KER[0K[?25l$ git add run_stoch_mod_SIRSIR.E[0K[?25h[?25l$ git add run_stoch_mod_SIRSIR.[0K[?25hR[0K[?25l
[0K[?25h[?25l
[0;32mad3716@WPIA-DIDE223 [0;35m [0;33m~/Documents/PhD/MERS Simple Stochastic Model[0;36m (master)[0m[0K
$[0K[3G[?25h[?25l$ g[0K[?25hi[0Kt[0K[7G[?25l$ git c[0K[?25ho[0Km[0Km[0Ki[0Kt[0K[14G[?25l$ git commit -[0K[?25hm[0K[17G[?25l$ git commit -m "[0K[?25ha[0K[?25ld[0K[19G[?25h[20G[?25l$ git commit -m "add[0K[?25he[0Kd[0K[24G[23G[?25l$ git commit -m "adde[0K[?25h[?25l$ git commit -m "add[0K[22G[?25h[21G[?25l$ git commit -m "ad[0K[?25h[?25l$ git commit -m "a[0K[?25h[?25l$ git commit -m "[0K[?25hb[0Ku[0Ki[0Kl[0Kt[0K[24G[?25l$ git commit -m "built i[0K[?25hn[0K[27G[?25l$ git commit -m "built in m[0K[?25ho[0Kr[0Kt[0Ka[0Kl[0Ki[0Kt[0Ky[0K[37G[?25l$ git commit -m "built in mortality r[0K[?25ho[0K[40G[39G[?25l$ git commit -m "built in mortality r[0K[?25h[?25l$ git commit -m "built in mortality[0K[37G[?25h[?25l$ git commit -m "built in mortality t[0K[?25ho[0K[40G[?25l$ git commit -m "built in mortality to v[0K[?25ha[0K[?25lr[0K[42G[?25h[43G[?25l$ git commit -m "built in mortality to vary[0K[?25h[45G[?25l$ git commit -m "built in mortality to vary w[0K[?25hi[0Kt[0Kh[0K[50G[?25l$ git commit -m "built in mortality to vary with a[0K[50G[?25h[51G[?25l$ git commit -m "built in mortality to vary with ag[0K[?25he[0K"[0K[?25l
[0K[?25h[master 72c56bc] built in mortality to vary with age[0K[?25l
 2 files changed, 39 insertions(+), 23 deletions(-)[0K
[0K[?25h[?25l
[0;32mad3716@WPIA-DIDE223 [0;35m [0;33m~/Documents/PhD/MERS Simple Stochastic Model[0;36m (master)[0m[0K
$[0K[3G[?25h[0m[0K]0;[?25l
[0;32mad3716@WPIA-DIDE223 [0;35m [0;33m~/Documents/PhD/MERS Simple Stochastic Model[0;36m (master)[0m[0K
[?25l$ g[0K[?25hi[0Kt[0K[7G[?25l$ git a[0K[?25hd[0Kd[0K[11G[?25l$ git add s[0K[?25ht[0Ko[0Kc[0Kh[0K_[0Km[0Ko[0Kd[0K_[0KS[0KI[0KR[0KS[0KI[0KR[0K.[0KR[0K[?25l
[0K[?25h[?25l
[0;32mad3716@WPIA-DIDE223 [0;35m [0;33m~/Documents/PhD/MERS Simple Stochastic Model[0;36m (master)[0m[0K
$[0K[3G[?25h[?25l$ g[0K[?25hi[0Kt[0K[7G[?25l$ git a[0K[?25hd[0Kd[0K[11G[?25l$ git add r[0K[?25hu[0Kn[0K_[0Ks[0Kt[0Ko[0Kc[0Kh[0K_[0Km[0Ko[0Kd[0K_[0KS[0KI[0KR[0KS[0KI[0KR[0K.[0KR[0K[?25l
[0K[?25h[?25l
[0;32mad3716@WPIA-DIDE223 [0;35m [0;33m~/Documents/PhD/MERS Simple Stochastic Model[0;36m (master)[0m[0K
$[0K[3G[?25h[?25l$ g[0K[?25hi[0Kt[0K[7G[?25l$ git c[0K[?25ho[0Km[0Km[0Ki[0Kt[0K[14G[?25l$ git commit -[0K[?25hm[0K[17G[?25l$ git commit -m "[0K[?25hs[0Ke[0Kt[0K[22G[?25l$ git commit -m "set u[0K[?25hp[0K[25G[?25l$ git commit -m "set up e[0K[?25hq[0Ku[0Ki[0Kl[0Ki[0Kb[0Kr[0Ki[0Ku[0Km[0K[37G[?25l$ git commit -m "set up equilibrium e[0K[?25hq[0Ku[0Kn[0Ks[0K[43G[?25l$ git commit -m "set up equilibrium equns -[0K[?25h[45G[?25l$ git commit -m "set up equilibrium equns - s[0K[?25ht[0Ki[0Kl[0Kl[0K[51G[?25l$ git commit -m "set up equilibrium equns - still a[0K[?25h[53G[?25l$ git commit -m "set up equilibrium equns - still a b[0K[?25hit[0K[57G[?25l$ git commit -m "set up equilibrium equns - still a bit o[0K[?25hf[0Kf[0K"[0K[?25l
[0K[?25h[master 1a1a281] set up equilibrium equns - still a bit off[0K[?25l
 2 files changed, 76 insertions(+), 40 deletions(-)[0K
[0K[?25h[?25l
[0;32mad3716@WPIA-DIDE223 [0;35m [0;33m~/Documents/PhD/MERS Simple Stochastic Model[0;36m (master)[0m[0K
$[0K[3G[?25h[0m[0K]0;[?25l
[0;32mad3716@WPIA-DIDE223 [0;35m [0;33m~/Documents/PhD/MERS Simple Stochastic Model[0;36m (master)[0m[0K
[?25l[1A[0;32mad3716@WPIA-DIDE223 [0;35m [0;33m~/Documents/PhD/MERS Simple Stochastic Model[0;36m (master)[0K
[0m$[0K[3G[?25h[?25l$ g[0K[?25hi[0Kt[0K[7G[?25l$ git a[0K[?25hd[0Kd[0K[11G[?25l$ git add s[0K[?25ht[0Ko[0Kc[0Kh[0K_[0Km[0Ko[0Kd[0K_[0KS[0KI[0KR[0KS[0KI[0KR[0K.[0KR[0K[?25l
[0K[?25h[?25l
[0;32mad3716@WPIA-DIDE223 [0;35m [0;33m~/Documents/PhD/MERS Simple Stochastic Model[0;36m (master)[0m[0K
$[0K[3G[?25h[?25l$ g[0K[?25hi[0Kt[0K[7G[?25l$ git a[0K[?25hd[0Kd[0K[11G[?25l$ git add r[0K[?25hu[0Kn[0K_[0Ks[0Kt[0Ko[0Kc[0Kh[0K_[0Km[0Ko[0Kd[0K_[0KS[0KI[0KR[0KS[0KI[0KR[0K.[0KR[0K[?25l
[0K[?25h[?25l
[0;32mad3716@WPIA-DIDE223 [0;35m [0;33m~/Documents/PhD/MERS Simple Stochastic Model[0;36m (master)[0m[0K
$[0K[3G[?25h[?25l$ g[0K[?25hi[0Kt[0K[7G[?25l$ git c[0K[?25ho[0Km[0Km[0Ki[0Kt[0K[14G[?25l$ git commit -[0K[?25hm[0K[17G[?25l$ git commit -m "[0K[?25hC[0Ko[0Km[0Km[0Ki[0Kt[0K[25G[?25l$ git commit -m "Commit c[0K[?25hh[0Ka[0Kn[0Kge[0Ks[0K[33G[?25l$ git commit -m "Commit changes b[0K[?25he[0Kf[0K[?25lo[0K[36G[?25h[37G[?25l$ git commit -m "Commit changes befor[0K[?25he[0K[40G[?25l$ git commit -m "Commit changes before r[0K[?25he[0Ks[0Kt[0Kr[0Ku[0Kc[0Kt[0Ku[0Kr[0Ki[0Kn[0Kg[0K"[0Ki[0Kn[0Kg[0K[?25l$ git commit -m "Commit changes before restructuring"in[0K[57G[?25h[56G[?25l$ git commit -m "Commit changes before restructuring"i[0K[56G[?25h[55G[?25l$ git commit -m "Commit changes before restructuring"[0K[?25h[?25l$ git commit -m "Commit changes before restructuring[0K[?25h[?25l$ git commit -m "Commit changes before restructurin[0K[?25h[?25l$ git commit -m "Commit changes before restructuri[0K[?25h[?25l$ git commit -m "Commit changes before restructur[0K[?25h[?25l$ git commit -m "Commit changes before restructu[0K[?25h[?25l$ git commit -m "Commit changes before restruct[0K[?25h[?25l$ git commit -m "Commit changes before restruc[0K[?25h[?25l$ git commit -m "Commit changes before restru[0K[?25h[?25l$ git commit -m "Commit changes before restr[0K[?25h[?25l$ git commit -m "Commit changes before rest[0K[?25h[?25l$ git commit -m "Commit changes before res[0K[?25h[?25l$ git commit -m "Commit changes before re[0K[?25h[?25l$ git commit -m "Commit changes before r[0K[?25h[?25l$ git commit -m "Commit changes before[0K[40G[?25h[39G[?25l$ git commit -m "Commit changes befor[0K[?25h[?25l$ git commit -m "Commit changes bef[0K[37G[?25h[36G[?25l$ git commit -m "Commit changes be[0K[?25h[?25l$ git commit -m "Commit changes b[0K[?25h[?25l$ git commit -m "Commit changes[0K[33G[?25h[32G[?25l$ git commit -m "Commit change[0K[?25h[?25l$ git commit -m "Commit chang[0K[?25h[?25l$ git commit -m "Commit chan[0K[?25h[?25l$ git commit -m "Commit cha[0K[?25h[?25l$ git commit -m "Commit c[0K[27G[?25h[?25l$ git commit -m "Commit[0K[26G[?25h[25G[24G[?25l$ git commit -m "Commi[0K[?25ht[0Kt[0Ki[0Kn[0Kg[0K[29G[?25l$ git commit -m "Committing c[0K[?25hh[0Ka[0Kn[0Kge[0Ks[0K[37G[?25l$ git commit -m "Committing changes b[0K[?25he[0Kf[0Ko[0Kr[0Ke[0K[44G[?25l$ git commit -m "Committing changes before r[0K[?25he[0Ks[0Kt[0Kr[0Ku[0Kc[0Kt[0Ku[0Kr[0Ki[0Kn[0Kg[0K"[0K[?25l
[0K[?25h[master cc1949d] Committing changes before restructuring[0K[?25l
 2 files changed, 140 insertions(+), 36 deletions(-)[0K
[0K[?25h[?25l
[0;32mad3716@WPIA-DIDE223 [0;35m [0;33m~/Documents/PhD/MERS Simple Stochastic Model[0;36m (master)[0m[0K
$[0K[3G[?25h[?25l[12A[0;32mad3716@WPIA-DIDE223 [0;35m [0;33m~/Documents/PhD/MERS Simple Stochastic Model[0;36m (master)[0K
[0m$ git add stoch_mod_SIRSIR.R[0K
[0K
[0;32mad3716@WPIA-DIDE223 [0;35m [0;33m~/Documents/PhD/MERS Simple Stochastic Model[0;36m (master)[0K
[0m$ git add run_stoch_mod_SIRSIR.R[0K
[0K
[0;32mad3716@WPIA-DIDE223 [0;35m [0;33m~/Documents/PhD/MERS Simple Stochastic Model[0;36m (master)[0K
[0m$ git commit -m "Committing changes before restructuring"[0K
[master cc1949d] Committing changes before restructuring[0K
 2 files changed, 140 insertions(+), 36 deletions(-)[0K
[0K
[0;32mad3716@WPIA-DIDE223 [0;35m [0;33m~/Documents/PhD/MERS Simple Stochastic Model[0;36m (master)[0K
[0m$[0K[3G[?25h[?25l$ g[0K[?25hi[0Kt[0K[7G[?25l$ git a[0K[?25hd[0K[?25ld[0K[9G[?25h[10G[11G[?25l$ git add -[0K[?25hm[0K[14G[?25l$ git add -m "[0K[?25h[?25l$ git add -m[0K[14G[?25h[13G[?25l$ git add -[0K[?25h[?25l$ git add[0K[12G[?25h[11G[?25l$ git add s[0K[?25ht[0Ko[0Kc[0Kh[0K_[0Km[0Ko[0Kd[0K_[0KS[0KI[0KR[0KS[0KI[0KR[0K.[0KR[0K[?25l
[0K[?25h[?25l
[0;32mad3716@WPIA-DIDE223 [0;35m [0;33m~/Documents/PhD/MERS Simple Stochastic Model[0;36m (master)[0m[0K[22G[?25h[?25l
$[0K[3G[?25h[?25l$ g[0K[?25hi[0Kt[0K[7G[?25l$ git a[0K[?25hd[0K[?25ld[0K[9G[?25h[10G[11G[?25l$ git add r[0K[?25hu[0Kn[0K_[0Ks[0Kt[0Ko[0Kc[0Kh[0K_[0Km[0Ko[0Kd[0K_[0KS[0KI[0KR[0KS[0KI[0KR[0K.[0KR[0K[?25l
[0K[?25h[?25l
[0;32mad3716@WPIA-DIDE223 [0;35m [0;33m~/Documents/PhD/MERS Simple Stochastic Model[0;36m (master)[0m[0K
$[0K[3G[?25h[?25l$ g[0K[?25hi[0Kt[0K[7G[?25l$ git c[0K[?25h[?25lo[0K[8G[?25h[9G[?25l$ git com[0K[?25hm[0Ki[0Kt[0K[14G[?25l$ git commit -[0K[?25h[16G[15G[?25l$ git commit -m[0K[?25h[17G[?25l$ git commit -m "[0K[?25hr[0Ke[0K[?25ls[0K[20G[?25h[21G[?25l$ git commit -m "rest[0K[?25hr[0Ku[0Kc[0Kt[0K[?25lu[0K[26G[?25h[27G[?25l$ git commit -m "restructur[0K[?25he[0Ks[0K[31G[30G[?25l$ git commit -m "restructure[0K[30G[?25h[29G[?25l$ git commit -m "restructured[0K[?25h[31G[?25l$ git commit -m "restructured m[0K[?25ho[0Kd[0Ke[0Kl[0K[37G[?25l$ git commit -m "restructured model t[0K[?25ho[0K[40G[?25l$ git commit -m "restructured model to i[0K[?25hn[0Kc[0Kl[0Ku[0Kd[0Ke[0K[48G[?25l$ git commit -m "restructured model to include S[0K[?25h[?25l$ git commit -m "restructured model to include[0K[48G[?25h[47G[?25l$ git commit -m "restructured model to includ[0K[?25h[?25l$ git commit -m "restructured model to inclu[0K[?25h[?25l$ git commit -m "restructured model to incl[0K[?25h[?25l$ git commit -m "restructured model to inc[0K[?25h[?25l$ git commit -m "restructured model to in[0K[?25h[?25l$ git commit -m "restructured model to i[0K[?25h[?25l$ git commit -m "restructured model to[0K[40G[?25h[39G[?25l$ git commit -m "restructured model t[0K[?25h[?25l$ git commit -m "restructured model[0K[37G[?25h[?25l$ git commit -m "restructured model a[0K[?25hs[0K[40G[?25l$ git commit -m "restructured model as S[0K[?25h-[0KI[0K-[0KR[0K-[0KS[0K2[0K-[0KI[0K2[0K-[0KR[0K2[0K"[0K[?25l
[0K[?25h[master 46e9c89] restructured model as S-I-R-S2-I2-R2[0K[?25l
 2 files changed, 148 insertions(+), 52 deletions(-)[0K
[0K[?25h[?25l
[0;32mad3716@WPIA-DIDE223 [0;35m [0;33m~/Documents/PhD/MERS Simple Stochastic Model[0;36m (master)[0m[0K
$[0K[3G[?25h[?25l$ g[0K[?25hi[0Kt[0K[7G[?25l$ git a[0K[?25hd[0Kd[0K[11G[?25l$ git add s[0K[?25ht[0Ko[0Kc[0Kh[0K_[0Km[0Ko[0Kd[0K_[0KS[0KI[0KR[0KS[0KI[0KR[0K.[0KR[0K[?25l
[0K[?25h[?25l
[0;32mad3716@WPIA-DIDE223 [0;35m [0;33m~/Documents/PhD/MERS Simple Stochastic Model[0;36m (master)[0m[0K
$[0K[3G[?25h[?25l$ i[0K[?25h[?25l$[0K[3G[?25h[?25l$ g[0K[?25hi[0Kt[0K[7G[?25l$ git a[0K[?25hd[0Kd[0K[11G[?25l$ git add r[0K[?25hu[0Kn[0K_[0KS[0K[?25l$ git add run_[0K[?25hs[0Kt[0Kc[0K[?25l$ git add run_st[0K[?25ho[0Kc[0Kh[0K_[0Km[0Ko[0Kd[0K_[0KS[0KI[0KR[0KS[0KI[0KR[0K.[0KR[0K[?25l
[0K[?25h[?25l
[0;32mad3716@WPIA-DIDE223 [0;35m [0;33m~/Documents/PhD/MERS Simple Stochastic Model[0;36m (master)[0m[0K
$[0K[3G[?25h[?25l$ g[0K[?25hi[0Kt[0K[7G[?25l$ git c[0K[?25ho[0Km[0Km[0K[?25li[0K[11G[?25h[12G[?25l$ git commit[0K[?25h[14G[?25l$ git commit -[0K[?25hm[0K[17G[?25l$ git commit -m "[0K[?25hi[0K[?25lm[0K[19G[?25h[20G[?25l$ git commit -m "imp[0K[?25ho[0Kr[0Kt[0Ka[0Kt[0Ki[0K[?25lo[0K[27G[?25h[28G[?25l$ git commit -m "importation[0K[?25h[30G[?25l$ git commit -m "importation r[0K[?25ha[0Kt[0Ke[0K[35G[?25l$ git commit -m "importation rate i[0K[?25hm[0Kpl[0Ke[0Km[0Ke[0Kn[0Kt[0Ke[0Kd[0K[47G[?25l$ git commit -m "importation rate implemented -[0K[?25h[49G[?25l$ git commit -m "importation rate implemented - n[0K[?25ho[0Kt[0Ki[0K[?25lc[0K[53G[?25h[54G[?25l$ git commit -m "importation rate implemented - notice[0K[?25hd[0K[57G[?25l$ git commit -m "importation rate implemented - noticed a[0K[?25h[59G[?25l$ git commit -m "importation rate implemented - noticed a b[0K[?25hu[0Kg[0K[63G[?25l$ git commit -m "importation rate implemented - noticed a bug t[0K[?25hh[0Ko[0Ku[0Kg[0Kh[0K[70G[?25l$ git commit -m "importation rate implemented - noticed a bug though -[0K[?25h[72G[71G[?25l$ git commit -m "importation rate implemented - noticed a bug though[0K[70G[?25h[69G[?25l$ git commit -m "importation rate implemented - noticed a bug though"[0K[?25h[69G[70G[?25l$ git commit -m "importation rate implemented - noticed a bug though[0K[?25h[70G[?25l$ git commit -m "importation rate implemented - noticed a bug though -[0K[?25h[72G[?25l$ git commit -m "importation rate implemented - noticed a bug though - n[0K[?25ho[0Kt[0K[76G[?25l$ git commit -m "importation rate implemented - noticed a bug though - not y[0K[?25he[0Kt[0K[80G[?25l$ git commit -m "importation rate implemented - noticed a bug though - not yet f[0K[?25hi[0Kx[0Ke[0Kd[0K"[0K[?25l$ git commit -m "importation rate implemented - noticed a bug though - not yet fixed[0K[?25h[?25l$ git commit -m "importation rate implemented - noticed a bug though - not yet fixe[0K[?25h[?25l$ git commit -m "importation rate implemented - noticed a bug though - not yet fix[0K[?25h[?25l$ git commit -m "importation rate implemented - noticed a bug though - not yet fi[0K[?25h[?25l$ git commit -m "importation rate implemented - noticed a bug though - not yet f[0K[?25h[?25l$ git commit -m "importation rate implemented - noticed a bug though - not yet[0K[80G[?25h[79G[?25l$ git commit -m "importation rate implemented - noticed a bug though - not ye[0K[?25h[?25l$ git commit -m "importation rate implemented - noticed a bug though - not y[0K[?25h[?25l$ git commit -m "importation rate implemented - noticed a bug though - not[0K[76G[?25h[75G[?25l$ git commit -m "importation rate implemented - noticed a bug though - no[0K[?25h[?25l$ git commit -m "importation rate implemented - noticed a bug though - n[0K[?25h[?25l$ git commit -m "importation rate implemented - noticed a bug though -[0K[72G[?25h[71G[?25l$ git commit -m "importation rate implemented - noticed a bug though[0K[70G[?25h[69G[?25l$ git commit -m "importation rate implemented - noticed a bug thoug[0K[?25h[?25l$ git commit -m "importation rate implemented - noticed a bug thou[0K[?25h[?25l$ git commit -m "importation rate implemented - noticed a bug tho[0K[?25h[?25l$ git commit -m "importation rate implemented - noticed a bug th[0K[?25h[?25l$ git commit -m "importation rate implemented - noticed a bug t[0K[?25h[?25l$ git commit -m "importation rate implemented - noticed a bug[0K[63G[?25h[?25l$ git commit -m "importation rate implemented - noticed a bu[0K[62G[?25h[61G[?25l$ git commit -m "importation rate implemented - noticed a bug[0K[?25h[63G[?25l$ git commit -m "importation rate implemented - noticed a bug p[0K[?25ho[0Kt[0Ke[0Kn[0Kt[0Ki[0Ka[0Kl[0Kl[0Ky[0K[75G[?25l$ git commit -m "importation rate implemented - noticed a bug potentially c[0K[?25ha[0Ku[0Ks[0Ke[0Kd[0K[82G[?25l$ git commit -m "importation rate implemented - noticed a bug potentially caused b[0K[?25hy[0K[85G[?25l$ git commit -m "importation rate implemented - noticed a bug potentially caused by n[0K[?25ho[0Kn[0K-[0K[?25li[0K[89G[?25h[90G[?25l$ git commit -m "importation rate implemented - noticed a bug potentially caused by non-in[0K[?25ht[0Ke[0Kg[0Ke[0Kr[0Ks[0K[98G[?25l$ git commit -m "importation rate implemented - noticed a bug potentially caused by non-integers -[0K[?25h[100G[?25l$ git commit -m "importation rate implemented - noticed a bug potentially caused by non-integers - n[0K[?25ho[0Kt[0K[104G[?25l$ git commit -m "importation rate implemented - noticed a bug potentially caused by non-integers - not y[0K[?25he[0Kt[0K[108G[?25l$ git commit -m "importation rate implemented - noticed a bug potentially caused by non-integers - not yet f[0K[108G[?25h[109G[?25l$ git commit -m "importation rate implemented - noticed a bug potentially caused by non-integers - not yet fi[0K[?25hx[0Ke[0Kd[0K"[0K[?25l
[0K[?25h[master bec0604] importation rate implemented - noticed a bug potentially caused by non-integers - not yet fixed[0K[?25l
 2 files changed, 20 insertions(+), 13 deletions(-)[0K
[0K[?25h[?25l
[0;32mad3716@WPIA-DIDE223 [0;35m [0;33m~/Documents/PhD/MERS Simple Stochastic Model[0;36m (master)[0m[0K
$[0K[3G[?25h[0m[0K]0;[?25l
[0;32mad3716@WPIA-DIDE223 [0;35m [0;33m~/Documents/PhD/MERS Simple Stochastic Model[0;36m (master)[0m[0K
[0m[0K]0;[?25l
[0;32mad3716@WPIA-DIDE223 [0;35m [0;33m~/Documents/PhD/MERS Simple Stochastic Model[0;36m (master)[0m[0K
[?25l[1A[0;32mad3716@WPIA-DIDE223 [0;35m [0;33m~/Documents/PhD/MERS Simple Stochastic Model[0;36m (master)[0K
[0m$[0K[3G[?25h[?25l$ g[0K[?25hi[0Kt[0K[7G[?25l$ git a[0K[?25h[?25ld[0K[8G[?25h[9G[?25l$ git add[0K[?25h[11G[?25l$ git add -[0K[?25hu[0K[?25l$ git add -[0K[?25hA[0K